Archive member included to satisfy reference by file (symbol)

c:/program files (x86)/atmel/studio/7.0/toolchain/arm/arm-gnu-toolchain/bin/../lib/gcc/arm-none-eabi/6.3.1/thumb/v7-m\libgcc.a(_arm_addsubdf3.o)
                              servo_ctrl.o (__aeabi_dadd)
c:/program files (x86)/atmel/studio/7.0/toolchain/arm/arm-gnu-toolchain/bin/../lib/gcc/arm-none-eabi/6.3.1/thumb/v7-m\libgcc.a(_arm_muldivdf3.o)
                              motor_interface.o (__aeabi_dmul)
c:/program files (x86)/atmel/studio/7.0/toolchain/arm/arm-gnu-toolchain/bin/../lib/gcc/arm-none-eabi/6.3.1/thumb/v7-m\libgcc.a(_arm_cmpdf2.o)
                              servo_ctrl.o (__aeabi_dcmplt)
c:/program files (x86)/atmel/studio/7.0/toolchain/arm/arm-gnu-toolchain/bin/../lib/gcc/arm-none-eabi/6.3.1/thumb/v7-m\libgcc.a(_arm_fixdfsi.o)
                              motor_interface.o (__aeabi_d2iz)
c:/program files (x86)/atmel/studio/7.0/toolchain/arm/arm-gnu-toolchain/bin/../lib/gcc/arm-none-eabi/6.3.1/thumb/v7-m\libgcc.a(_arm_truncdfsf2.o)
                              servo_ctrl.o (__aeabi_d2f)
c:/program files (x86)/atmel/studio/7.0/toolchain/arm/arm-gnu-toolchain/bin/../lib/gcc/arm-none-eabi/6.3.1/thumb/v7-m\libgcc.a(_arm_addsubsf3.o)
                              servo_ctrl.o (__aeabi_fsub)
c:/program files (x86)/atmel/studio/7.0/toolchain/arm/arm-gnu-toolchain/bin/../lib/gcc/arm-none-eabi/6.3.1/thumb/v7-m\libgcc.a(_arm_muldivsf3.o)
                              position_controller.o (__aeabi_fmul)
c:/program files (x86)/atmel/studio/7.0/toolchain/arm/arm-gnu-toolchain/bin/../lib/gcc/arm-none-eabi/6.3.1/thumb/v7-m\libgcc.a(_arm_cmpsf2.o)
                              servo_ctrl.o (__aeabi_fcmpgt)
c:/program files (x86)/atmel/studio/7.0/toolchain/arm/arm-gnu-toolchain/bin/../lib/gcc/arm-none-eabi/6.3.1/thumb/v7-m\libgcc.a(_arm_fixsfsi.o)
                              position_controller.o (__aeabi_f2iz)
c:/program files (x86)/atmel/studio/7.0/toolchain/arm/arm-gnu-toolchain/bin/../lib/gcc/arm-none-eabi/6.3.1/thumb/v7-m\libgcc.a(_arm_fixunssfsi.o)
                              servo_ctrl.o (__aeabi_f2uiz)
c:/program files (x86)/atmel/studio/7.0/toolchain/arm/arm-gnu-toolchain/bin/../lib/gcc/arm-none-eabi/6.3.1/../../../../arm-none-eabi/lib/thumb/v7-m\libc.a(lib_a-exit.o)
                              c:/program files (x86)/atmel/studio/7.0/toolchain/arm/arm-gnu-toolchain/bin/../lib/gcc/arm-none-eabi/6.3.1/../../../../arm-none-eabi/lib/thumb/v7-m/crt0.o (exit)
c:/program files (x86)/atmel/studio/7.0/toolchain/arm/arm-gnu-toolchain/bin/../lib/gcc/arm-none-eabi/6.3.1/../../../../arm-none-eabi/lib/thumb/v7-m\libc.a(lib_a-impure.o)
                              c:/program files (x86)/atmel/studio/7.0/toolchain/arm/arm-gnu-toolchain/bin/../lib/gcc/arm-none-eabi/6.3.1/../../../../arm-none-eabi/lib/thumb/v7-m\libc.a(lib_a-exit.o) (_global_impure_ptr)
c:/program files (x86)/atmel/studio/7.0/toolchain/arm/arm-gnu-toolchain/bin/../lib/gcc/arm-none-eabi/6.3.1/../../../../arm-none-eabi/lib/thumb/v7-m\libc.a(lib_a-init.o)
                              c:/program files (x86)/atmel/studio/7.0/toolchain/arm/arm-gnu-toolchain/bin/../lib/gcc/arm-none-eabi/6.3.1/../../../../arm-none-eabi/lib/thumb/v7-m/crt0.o (__libc_init_array)
c:/program files (x86)/atmel/studio/7.0/toolchain/arm/arm-gnu-toolchain/bin/../lib/gcc/arm-none-eabi/6.3.1/../../../../arm-none-eabi/lib/thumb/v7-m\libc.a(lib_a-memset.o)
                              c:/program files (x86)/atmel/studio/7.0/toolchain/arm/arm-gnu-toolchain/bin/../lib/gcc/arm-none-eabi/6.3.1/../../../../arm-none-eabi/lib/thumb/v7-m/crt0.o (memset)
c:/program files (x86)/atmel/studio/7.0/toolchain/arm/arm-gnu-toolchain/bin/../lib/gcc/arm-none-eabi/6.3.1/../../../../arm-none-eabi/lib/thumb/v7-m\libc.a(lib_a-__call_atexit.o)
                              c:/program files (x86)/atmel/studio/7.0/toolchain/arm/arm-gnu-toolchain/bin/../lib/gcc/arm-none-eabi/6.3.1/../../../../arm-none-eabi/lib/thumb/v7-m\libc.a(lib_a-exit.o) (__call_exitprocs)
c:/program files (x86)/atmel/studio/7.0/toolchain/arm/arm-gnu-toolchain/bin/../lib/gcc/arm-none-eabi/6.3.1/../../../../arm-none-eabi/lib/thumb/v7-m\libc.a(lib_a-atexit.o)
                              c:/program files (x86)/atmel/studio/7.0/toolchain/arm/arm-gnu-toolchain/bin/../lib/gcc/arm-none-eabi/6.3.1/../../../../arm-none-eabi/lib/thumb/v7-m\libc.a(lib_a-__call_atexit.o) (atexit)
c:/program files (x86)/atmel/studio/7.0/toolchain/arm/arm-gnu-toolchain/bin/../lib/gcc/arm-none-eabi/6.3.1/../../../../arm-none-eabi/lib/thumb/v7-m\libc.a(lib_a-fini.o)
                              c:/program files (x86)/atmel/studio/7.0/toolchain/arm/arm-gnu-toolchain/bin/../lib/gcc/arm-none-eabi/6.3.1/../../../../arm-none-eabi/lib/thumb/v7-m\libc.a(lib_a-__call_atexit.o) (__libc_fini_array)
c:/program files (x86)/atmel/studio/7.0/toolchain/arm/arm-gnu-toolchain/bin/../lib/gcc/arm-none-eabi/6.3.1/../../../../arm-none-eabi/lib/thumb/v7-m\libc.a(lib_a-lock.o)
[...]
Memory Configuration

Name             Origin             Length             Attributes
rom              0x00080000         0x00080000         xr
ram              0x20000000         0x00018000         xrw
*default*        0x00000000         0xffffffff

Linker script and memory map

LOAD c:/program files (x86)/atmel/studio/7.0/toolchain/arm/arm-gnu-toolchain/bin/../lib/gcc/arm-none-eabi/6.3.1/thumb/v7-m/crti.o
LOAD c:/program files (x86)/atmel/studio/7.0/toolchain/arm/arm-gnu-toolchain/bin/../lib/gcc/arm-none-eabi/6.3.1/thumb/v7-m/crtbegin.o
LOAD c:/program files (x86)/atmel/studio/7.0/toolchain/arm/arm-gnu-toolchain/bin/../lib/gcc/arm-none-eabi/6.3.1/../../../../arm-none-eabi/lib/thumb/v7-m/crt0.o
LOAD can_controller.o
LOAD can_interrupt.o
LOAD Device_Startup/startup_sam3xa.o
LOAD Device_Startup/system_sam3xa.o
LOAD main.o
LOAD motor_interface.o
LOAD position_controller.o
LOAD printf-stdarg.o
LOAD servo_ctrl.o
LOAD uart.o
START GROUP
LOAD c:/program files (x86)/atmel/studio/7.0/toolchain/arm/arm-gnu-toolchain/bin/../lib/gcc/arm-none-eabi/6.3.1/../../../../arm-none-eabi/lib/thumb/v7-m\libm.a
END GROUP
START GROUP
LOAD c:/program files (x86)/atmel/studio/7.0/toolchain/arm/arm-gnu-toolchain/bin/../lib/gcc/arm-none-eabi/6.3.1/thumb/v7-m\libgcc.a
LOAD c:/program files (x86)/atmel/studio/7.0/toolchain/arm/arm-gnu-toolchain/bin/../lib/gcc/arm-none-eabi/6.3.1/../../../../arm-none-eabi/lib/thumb/v7-m\libc.a
END GROUP
LOAD c:/program files (x86)/atmel/studio/7.0/toolchain/arm/arm-gnu-toolchain/bin/../lib/gcc/arm-none-eabi/6.3.1/thumb/v7-m/crtend.o
LOAD c:/program files (x86)/atmel/studio/7.0/toolchain/arm/arm-gnu-toolchain/bin/../lib/gcc/arm-none-eabi/6.3.1/thumb/v7-m/crtn.o
                0x00000400                STACK_SIZE = DEFINED (STACK_SIZE)?STACK_SIZE:0x400
                0x00000200                HEAP_SIZE = DEFINED (HEAP_SIZE)?HEAP_SIZE:0x200

.text           0x00080000     0x1da0
                0x00080000                . = ALIGN (0x4)
                0x00080000                _sfixed = .
 *(.vectors .vectors.*)
 .vectors       0x00080000       0xf4 Device_Startup/startup_sam3xa.o
                0x00080000                exception_table
 *(.text .text.* .gnu.linkonce.t.*)
 .text          0x000800f4       0x6c c:/program files (x86)/atmel/studio/7.0/toolchain/arm/arm-gnu-toolchain/bin/../lib/gcc/arm-none-eabi/6.3.1/thumb/v7-m/crtbegin.o
 .text.can_init
                0x00080160       0xf0 can_controller.o
                0x00080160                can_init
 .text.can_receive
                0x00080250       0x84 can_controller.o
                0x00080250                can_receive
 .text.CAN0_Handler
                0x000802d4       0x9c can_interrupt.o
                0x000802d4                CAN0_Handler
 .text.Dummy_Handler
                0x00080370        0x2 Device_Startup/startup_sam3xa.o
                0x00080370                DACC_Handler
                0x00080370                DebugMon_Handler
                0x00080370                DMAC_Handler
                0x00080370                TRNG_Handler
                0x00080370                HardFault_Handler
                0x00080370                TC2_Handler
                0x00080370                SysTick_Handler
                0x00080370                USART3_Handler
                0x00080370                TWI1_Handler
                0x00080370                PendSV_Handler
                0x00080370                NMI_Handler
                0x00080370                TC7_Handler
                0x00080370                ADC_Handler
                0x00080370                SMC_Handler
                0x00080370                USART0_Handler
                0x00080370                RTT_Handler
                0x00080370                EFC1_Handler
                0x00080370                PIOB_Handler
                0x00080370                RTC_Handler
                0x00080370                UsageFault_Handler
                0x00080370                TC6_Handler
                0x00080370                WDT_Handler
                0x00080370                TC4_Handler
                0x00080370                TC1_Handler
                0x00080370                HSMCI_Handler
                0x00080370                TC3_Handler
                0x00080370                Dummy_Handler
                0x00080370                TWI0_Handler
                0x00080370                USART1_Handler
                0x00080370                PIOA_Handler
                0x00080370                SSC_Handler
                0x00080370                EFC0_Handler
                0x00080370                PMC_Handler
                0x00080370                PWM_Handler
                0x00080370                CAN1_Handler
                0x00080370                MemManage_Handler
                0x00080370                SUPC_Handler
                0x00080370                SVC_Handler
                0x00080370                TC8_Handler
                0x00080370                USART2_Handler
                0x00080370                PIOD_Handler
                0x00080370                EMAC_Handler
                0x00080370                PIOC_Handler
                0x00080370                BusFault_Handler
                0x00080370                RSTC_Handler
                0x00080370                TC0_Handler
                0x00080370                TC5_Handler
                0x00080370                UOTGHS_Handler
                0x00080370                SPI0_Handler
 *fill*         0x00080372        0x2 
 .text.Reset_Handler
                0x00080374       0x88 Device_Startup/startup_sam3xa.o
                0x00080374                Reset_Handler
 .text.SystemInit
                0x000803fc       0xa4 Device_Startup/system_sam3xa.o
                0x000803fc                SystemInit
 .text.main     0x000804a0       0x98 main.o
                0x000804a0                main
 .text.motor_init_DAC
                0x00080538       0x50 motor_interface.o
                0x00080538                motor_init_DAC
 .text.motor_set_input
                0x00080588       0x38 motor_interface.o
                0x00080588                motor_set_input
 .text.motor_enable
                0x000805c0       0x10 motor_interface.o
                0x000805c0                motor_enable
 .text.motor_activate_counter_output
                0x000805d0       0x24 motor_interface.o
                0x000805d0                motor_activate_counter_output
 .text.motor_read_counter
                0x000805f4       0x88 motor_interface.o
                0x000805f4                motor_read_counter
 .text.prints   0x0008067c       0xac printf-stdarg.o
 .text.printi   0x00080728       0xbc printf-stdarg.o
 .text.print    0x000807e4      0x160 printf-stdarg.o
 .text.printf   0x00080944       0x24 printf-stdarg.o
                0x00080944                printf
 .text.servo_pwm_init
                0x00080968       0x44 servo_ctrl.o
                0x00080968                servo_pwm_init
 *fill*         0x000809ac        0x4 
 .text.servo_set_pwm
                0x000809b0       0x94 servo_ctrl.o
                0x000809b0                servo_set_pwm
 *fill*         0x00080a44        0x4 
 .text.servo_set_angle
                0x00080a48       0x64 servo_ctrl.o
                0x00080a48                servo_set_angle
 .text.configure_uart
                0x00080aac       0x68 uart.o
                0x00080aac                configure_uart
 .text.uart_putchar
                0x00080b14       0x24 uart.o
                0x00080b14                uart_putchar
 .text.UART_Handler
                0x00080b38       0x68 uart.o
                0x00080b38                UART_Handler
 .text          0x00080ba0      0x370 c:/program files (x86)/atmel/studio/7.0/toolchain/arm/arm-gnu-toolchain/bin/../lib/gcc/arm-none-eabi/6.3.1/thumb/v7-m\libgcc.a(_arm_addsubdf3.o)
                0x00080ba0                __aeabi_drsub
                0x00080ba8                __aeabi_dsub
                0x00080ba8                __subdf3
                0x00080bac                __aeabi_dadd
                0x00080bac                __adddf3
                0x00080e24                __floatunsidf
                0x00080e24                __aeabi_ui2d
                0x00080e44                __floatsidf
                0x00080e44                __aeabi_i2d
                0x00080e68                __aeabi_f2d
                0x00080e68                __extendsfdf2
                0x00080ea4                __floatundidf
                0x00080ea4                __aeabi_ul2d
                0x00080eb4                __floatdidf
                0x00080eb4                __aeabi_l2d
 .text          0x00080f10      0x424 c:/program files (x86)/atmel/studio/7.0/toolchain/arm/arm-gnu-toolchain/bin/../lib/gcc/arm-none-eabi/6.3.1/thumb/v7-m\libgcc.a(_arm_muldivdf3.o)
                0x00080f10                __aeabi_dmul
                0x00080f10                __muldf3
                0x00081164                __divdf3
                0x00081164                __aeabi_ddiv
 .text          0x00081334      0x110 c:/program files (x86)/atmel/studio/7.0/toolchain/arm/arm-gnu-toolchain/bin/../lib/gcc/arm-none-eabi/6.3.1/thumb/v7-m\libgcc.a(_arm_cmpdf2.o)
                0x00081334                __gtdf2
                0x00081334                __gedf2
                0x0008133c                __ltdf2
                0x0008133c                __ledf2
                0x00081344                __nedf2
                0x00081344                __eqdf2
                0x00081344                __cmpdf2
                0x000813c0                __aeabi_cdrcmple
                0x000813d0                __aeabi_cdcmpeq
                0x000813d0                __aeabi_cdcmple
                0x000813e0                __aeabi_dcmpeq
                0x000813f4                __aeabi_dcmplt
                0x00081408                __aeabi_dcmple
                0x0008141c                __aeabi_dcmpge
                0x00081430                __aeabi_dcmpgt
 .text          0x00081444       0x50 c:/program files (x86)/atmel/studio/7.0/toolchain/arm/arm-gnu-toolchain/bin/../lib/gcc/arm-none-eabi/6.3.1/thumb/v7-m\libgcc.a(_arm_fixdfsi.o)
                0x00081444                __aeabi_d2iz
                0x00081444                __fixdfsi
 .text          0x00081494       0xa0 c:/program files (x86)/atmel/studio/7.0/toolchain/arm/arm-gnu-toolchain/bin/../lib/gcc/arm-none-eabi/6.3.1/thumb/v7-m\libgcc.a(_arm_truncdfsf2.o)
                0x00081494                __truncdfsf2
                0x00081494                __aeabi_d2f
 .text          0x00081534      0x21c c:/program files (x86)/atmel/studio/7.0/toolchain/arm/arm-gnu-toolchain/bin/../lib/gcc/arm-none-eabi/6.3.1/thumb/v7-m\libgcc.a(_arm_addsubsf3.o)
                0x00081534                __aeabi_frsub
                0x0008153c                __subsf3
                0x0008153c                __aeabi_fsub
                0x00081540                __aeabi_fadd
                0x00081540                __addsf3
                0x000816a0                __aeabi_ui2f
                0x000816a0                __floatunsisf
                0x000816a8                __aeabi_i2f
                0x000816a8                __floatsisf
                0x000816c4                __aeabi_ul2f
                0x000816c4                __floatundisf
                0x000816d4                __aeabi_l2f
                0x000816d4                __floatdisf
 .text          0x00081750      0x2a0 c:/program files (x86)/atmel/studio/7.0/toolchain/arm/arm-gnu-toolchain/bin/../lib/gcc/arm-none-eabi/6.3.1/thumb/v7-m\libgcc.a(_arm_muldivsf3.o)
                0x00081750                __mulsf3
                0x00081750                __aeabi_fmul
                0x000818b8                __aeabi_fdiv
                0x000818b8                __divsf3
 .text          0x000819f0       0xec c:/program files (x86)/atmel/studio/7.0/toolchain/arm/arm-gnu-toolchain/bin/../lib/gcc/arm-none-eabi/6.3.1/thumb/v7-m\libgcc.a(_arm_cmpsf2.o)
                0x000819f0                __gesf2
                0x000819f0                __gtsf2
                0x000819f8                __lesf2
                0x000819f8                __ltsf2
                0x00081a00                __nesf2
                0x00081a00                __eqsf2
                0x00081a00                __cmpsf2
                0x00081a60                __aeabi_cfrcmple
                0x00081a68                __aeabi_cfcmpeq
                0x00081a68                __aeabi_cfcmple
                0x00081a78                __aeabi_fcmpeq
                0x00081a8c                __aeabi_fcmplt
                0x00081aa0                __aeabi_fcmple
                0x00081ab4                __aeabi_fcmpge
                0x00081ac8                __aeabi_fcmpgt
 .text          0x00081adc       0x40 c:/program files (x86)/atmel/studio/7.0/toolchain/arm/arm-gnu-toolchain/bin/../lib/gcc/arm-none-eabi/6.3.1/thumb/v7-m\libgcc.a(_arm_fixunssfsi.o)
                0x00081adc                __fixunssfsi
                0x00081adc                __aeabi_f2uiz
 .text.__libc_init_array
                0x00081b1c       0x50 c:/program files (x86)/atmel/studio/7.0/toolchain/arm/arm-gnu-toolchain/bin/../lib/gcc/arm-none-eabi/6.3.1/../../../../arm-none-eabi/lib/thumb/v7-m\libc.a(lib_a-init.o)
                0x00081b1c                __libc_init_array
 .text.startup.register_fini
                0x00081b6c       0x14 c:/program files (x86)/atmel/studio/7.0/toolchain/arm/arm-gnu-toolchain/bin/../lib/gcc/arm-none-eabi/6.3.1/../../../../arm-none-eabi/lib/thumb/v7-m\libc.a(lib_a-__call_atexit.o)
 .text.atexit   0x00081b80        0xc c:/program files (x86)/atmel/studio/7.0/toolchain/arm/arm-gnu-toolchain/bin/../lib/gcc/arm-none-eabi/6.3.1/../../../../arm-none-eabi/lib/thumb/v7-m\libc.a(lib_a-atexit.o)
                0x00081b80                atexit
 .text.__libc_fini_array
                0x00081b8c       0x34 c:/program files (x86)/atmel/studio/7.0/toolchain/arm/arm-gnu-toolchain/bin/../lib/gcc/arm-none-eabi/6.3.1/../../../../arm-none-eabi/lib/thumb/v7-m\libc.a(lib_a-fini.o)
                0x00081b8c                __libc_fini_array
 .text.__retarget_lock_acquire_recursive
                0x00081bc0        0x4 c:/program files (x86)/atmel/studio/7.0/toolchain/arm/arm-gnu-toolchain/bin/../lib/gcc/arm-none-eabi/6.3.1/../../../../arm-none-eabi/lib/thumb/v7-m\libc.a(lib_a-lock.o)
                0x00081bc0                __retarget_lock_acquire_recursive
 .text.__retarget_lock_release_recursive
                0x00081bc4        0x4 c:/program files (x86)/atmel/studio/7.0/toolchain/arm/arm-gnu-toolchain/bin/../lib/gcc/arm-none-eabi/6.3.1/../../../../arm-none-eabi/lib/thumb/v7-m\libc.a(lib_a-lock.o)
                0x00081bc4                __retarget_lock_release_recursive
 .text.__register_exitproc
                0x00081bc8       0xc4 c:/program files (x86)/atmel/studio/7.0/toolchain/arm/arm-gnu-toolchain/bin/../lib/gcc/arm-none-eabi/6.3.1/../../../../arm-none-eabi/lib/thumb/v7-m\libc.a(lib_a-__atexit.o)
                0x00081bc8                __register_exitproc
 *(.glue_7t)
 .glue_7t       0x00081c8c        0x0 linker stubs
 *(.glue_7)
 .glue_7        0x00081c8c        0x0 linker stubs
 *(.rodata .rodata* .gnu.linkonce.r.*)
 .rodata.str1.4
                0x00081c8c       0x2b can_interrupt.o
 *fill*         0x00081cb7        0x1 
 .rodata.str1.4
                0x00081cb8       0x5e main.o
 *fill*         0x00081d16        0x2 
 .rodata.str1.4
                0x00081d18        0x7 printf-stdarg.o
 *fill*         0x00081d1f        0x1 
 .rodata.str1.4
                0x00081d20       0x37 servo_ctrl.o
 *fill*         0x00081d57        0x1 
 .rodata.str1.4
                0x00081d58       0x20 uart.o
                                 0x1e (size before relaxing)
 .rodata._global_impure_ptr
                0x00081d78        0x4 c:/program files (x86)/atmel/studio/7.0/toolchain/arm/arm-gnu-toolchain/bin/../lib/gcc/arm-none-eabi/6.3.1/../../../../arm-none-eabi/lib/thumb/v7-m\libc.a(lib_a-impure.o)
                0x00081d78                _global_impure_ptr
 *(.ARM.extab* .gnu.linkonce.armextab.*)
                0x00081d7c                . = ALIGN (0x4)
 *(.init)
 .init          0x00081d7c        0x4 c:/program files (x86)/atmel/studio/7.0/toolchain/arm/arm-gnu-toolchain/bin/../lib/gcc/arm-none-eabi/6.3.1/thumb/v7-m/crti.o
                0x00081d7c                _init
 .init          0x00081d80        0x8 c:/program files (x86)/atmel/studio/7.0/toolchain/arm/arm-gnu-toolchain/bin/../lib/gcc/arm-none-eabi/6.3.1/thumb/v7-m/crtn.o
                0x00081d88                . = ALIGN (0x4)
                0x00081d88                __preinit_array_start = .
 *(.preinit_array)
                0x00081d88                __preinit_array_end = .
                0x00081d88                . = ALIGN (0x4)
                0x00081d88                __init_array_start = .
 *(SORT(.init_array.*))
 .init_array.00000
                0x00081d88        0x4 c:/program files (x86)/atmel/studio/7.0/toolchain/arm/arm-gnu-toolchain/bin/../lib/gcc/arm-none-eabi/6.3.1/../../../../arm-none-eabi/lib/thumb/v7-m\libc.a(lib_a-__call_atexit.o)
 *(.init_array)
 .init_array    0x00081d8c        0x4 c:/program files (x86)/atmel/studio/7.0/toolchain/arm/arm-gnu-toolchain/bin/../lib/gcc/arm-none-eabi/6.3.1/thumb/v7-m/crtbegin.o
                0x00081d90                __init_array_end = .
                0x00081d90                . = ALIGN (0x4)
 *crtbegin.o(.ctors)
 *(EXCLUDE_FILE(*crtend.o) .ctors)
 *(SORT(.ctors.*))
 *crtend.o(.ctors)
                0x00081d90                . = ALIGN (0x4)
 *(.fini)
 .fini          0x00081d90        0x4 c:/program files (x86)/atmel/studio/7.0/toolchain/arm/arm-gnu-toolchain/bin/../lib/gcc/arm-none-eabi/6.3.1/thumb/v7-m/crti.o
                0x00081d90                _fini
 .fini          0x00081d94        0x8 c:/program files (x86)/atmel/studio/7.0/toolchain/arm/arm-gnu-toolchain/bin/../lib/gcc/arm-none-eabi/6.3.1/thumb/v7-m/crtn.o
                0x00081d9c                . = ALIGN (0x4)
                0x00081d9c                __fini_array_start = .
 *(.fini_array)
 .fini_array    0x00081d9c        0x4 c:/program files (x86)/atmel/studio/7.0/toolchain/arm/arm-gnu-toolchain/bin/../lib/gcc/arm-none-eabi/6.3.1/thumb/v7-m/crtbegin.o
 *(SORT(.fini_array.*))
                0x00081da0                __fini_array_end = .
 *crtbegin.o(.dtors)
 *(EXCLUDE_FILE(*crtend.o) .dtors)
 *(SORT(.dtors.*))
 *crtend.o(.dtors)
                0x00081da0                . = ALIGN (0x4)
                0x00081da0                _efixed = .
                [!provide]                PROVIDE (__exidx_start, .)

.vfp11_veneer   0x00081da0        0x0
 .vfp11_veneer  0x00081da0        0x0 linker stubs

.v4_bx          0x00081da0        0x0
 .v4_bx         0x00081da0        0x0 linker stubs

.iplt           0x00081da0        0x0
 .iplt          0x00081da0        0x0 c:/program files (x86)/atmel/studio/7.0/toolchain/arm/arm-gnu-toolchain/bin/../lib/gcc/arm-none-eabi/6.3.1/thumb/v7-m/crtbegin.o

.eh_frame       0x00081da0        0x0
 .eh_frame      0x00081da0        0x0 c:/program files (x86)/atmel/studio/7.0/toolchain/arm/arm-gnu-toolchain/bin/../lib/gcc/arm-none-eabi/6.3.1/thumb/v7-m/crtbegin.o

.rel.dyn        0x00081da0        0x0
 .rel.iplt      0x00081da0        0x0 c:/program files (x86)/atmel/studio/7.0/toolchain/arm/arm-gnu-toolchain/bin/../lib/gcc/arm-none-eabi/6.3.1/thumb/v7-m/crtbegin.o

.jcr            0x00081da0        0x0
 .jcr           0x00081da0        0x0 c:/program files (x86)/atmel/studio/7.0/toolchain/arm/arm-gnu-toolchain/bin/../lib/gcc/arm-none-eabi/6.3.1/thumb/v7-m/crtbegin.o

.igot.plt       0x00081da0        0x0
 .igot.plt      0x00081da0        0x0 c:/program files (x86)/atmel/studio/7.0/toolchain/arm/arm-gnu-toolchain/bin/../lib/gcc/arm-none-eabi/6.3.1/thumb/v7-m/crtbegin.o

.ARM.exidx
 *(.ARM.exidx* .gnu.linkonce.armexidx.*)
                [!provide]                PROVIDE (__exidx_end, .)
                0x00081da0                . = ALIGN (0x4)
                0x00081da0                _etext = .

.relocate       0x20000000      0x434 load address 0x00081da0
                0x20000000                . = ALIGN (0x4)
                0x20000000                _srelocate = .
 *(.ramfunc .ramfunc.*)
 *(.data .data.*)
 .data          0x20000000        0x4 Device_Startup/system_sam3xa.o
                0x20000000                SystemCoreClock
 *fill*         0x20000004        0x4 
 .data.impure_data
                0x20000008      0x428 c:/program files (x86)/atmel/studio/7.0/toolchain/arm/arm-gnu-toolchain/bin/../lib/gcc/arm-none-eabi/6.3.1/../../../../arm-none-eabi/lib/thumb/v7-m\libc.a(lib_a-impure.o)
 .data.__atexit_recursive_mutex
                0x20000430        0x4 c:/program files (x86)/atmel/studio/7.0/toolchain/arm/arm-gnu-toolchain/bin/../lib/gcc/arm-none-eabi/6.3.1/../../../../arm-none-eabi/lib/thumb/v7-m\libc.a(lib_a-__call_atexit.o)
                0x20000430                __atexit_recursive_mutex
                0x20000434                . = ALIGN (0x4)
                0x20000434                _erelocate = .

.bss            0x20000434       0x90 load address 0x000821d4
                0x20000434                . = ALIGN (0x4)
                0x20000434                _sbss = .
                0x20000434                _szero = .
 *(.bss .bss.*)
 .bss           0x20000434       0x1c c:/program files (x86)/atmel/studio/7.0/toolchain/arm/arm-gnu-toolchain/bin/../lib/gcc/arm-none-eabi/6.3.1/thumb/v7-m/crtbegin.o
 *(COMMON)
 COMMON         0x20000450        0xc can_interrupt.o
                0x20000450                received_joystick_data
 COMMON         0x2000045c       0x42 uart.o
                0x2000045c                rx_buffer
 *fill*         0x2000049e        0x2 
 COMMON         0x200004a0       0x21 c:/program files (x86)/atmel/studio/7.0/toolchain/arm/arm-gnu-toolchain/bin/../lib/gcc/arm-none-eabi/6.3.1/../../../../arm-none-eabi/lib/thumb/v7-m\libc.a(lib_a-lock.o)
                0x200004a0                __lock___atexit_recursive_mutex
                0x200004a4                __lock___arc4random_mutex
                0x200004a8                __lock___env_recursive_mutex
                0x200004ac                __lock___sinit_recursive_mutex
                0x200004b0                __lock___malloc_recursive_mutex
                0x200004b4                __lock___at_quick_exit_mutex
                0x200004b8                __lock___dd_hash_mutex
                0x200004bc                __lock___tz_mutex
                0x200004c0                __lock___sfp_recursive_mutex
                0x200004c4                . = ALIGN (0x4)
 *fill*         0x200004c1        0x3 
                0x200004c4                _ebss = .
                0x200004c4                _ezero = .

.stack          0x200004c4      0x404 load address 0x00082264
                0x200004c8                . = ALIGN (0x8)
 *fill*         0x200004c4        0x4 
                0x200004c8                _sstack = .
                0x200008c8                . = (. + STACK_SIZE)
 *fill*         0x200004c8      0x400 
                0x200008c8                . = ALIGN (0x8)
                0x200008c8                _estack = .

.heap           0x200008c8      0x200 load address 0x00082668
                0x200008c8                . = ALIGN (0x8)
                0x200008c8                _sheap = .
                0x20000ac8                . = (. + HEAP_SIZE)
 *fill*         0x200008c8      0x200 
                0x20000ac8                . = ALIGN (0x8)
                0x20000ac8                _eheap = .
                0x20000ac8                . = ALIGN (0x4)
                0x20000ac8                _end = .
                0x20017fff                _ram_end_ = ((ORIGIN (ram) + LENGTH (ram)) - 0x1)
OUTPUT(Node2.elf elf32-littlearm)

.ARM.attributes
                0x00000000       0x29
 .ARM.attributes
                0x00000000       0x1d c:/program files (x86)/atmel/studio/7.0/toolchain/arm/arm-gnu-toolchain/bin/../lib/gcc/arm-none-eabi/6.3.1/thumb/v7-m/crti.o
 .ARM.attributes
                0x0000001d       0x2d c:/program files (x86)/atmel/studio/7.0/toolchain/arm/arm-gnu-toolchain/bin/../lib/gcc/arm-none-eabi/6.3.1/thumb/v7-m/crtbegin.o
 .ARM.attributes
                0x0000004a       0x33 can_controller.o
 .ARM.attributes
                0x0000007d       0x33 can_interrupt.o
 .ARM.attributes
                0x000000b0       0x33 Device_Startup/startup_sam3xa.o
 .ARM.attributes
                0x000000e3       0x33 Device_Startup/system_sam3xa.o
 .ARM.attributes
                0x00000116       0x33 main.o
 .ARM.attributes
                0x00000149       0x33 motor_interface.o
 .ARM.attributes
                0x0000017c       0x33 printf-stdarg.o
 .ARM.attributes
                0x000001af       0x33 servo_ctrl.o
 .ARM.attributes
                0x000001e2       0x33 uart.o
 .ARM.attributes
                0x00000215       0x1d c:/program files (x86)/atmel/studio/7.0/toolchain/arm/arm-gnu-toolchain/bin/../lib/gcc/arm-none-eabi/6.3.1/thumb/v7-m\libgcc.a(_arm_addsubdf3.o)
 .ARM.attributes
                0x00000232       0x1d c:/program files (x86)/atmel/studio/7.0/toolchain/arm/arm-gnu-toolchain/bin/../lib/gcc/arm-none-eabi/6.3.1/thumb/v7-m\libgcc.a(_arm_muldivdf3.o)
 .ARM.attributes
                0x0000024f       0x1d c:/program files (x86)/atmel/studio/7.0/toolchain/arm/arm-gnu-toolchain/bin/../lib/gcc/arm-none-eabi/6.3.1/thumb/v7-m\libgcc.a(_arm_cmpdf2.o)
 .ARM.attributes
                0x0000026c       0x1d c:/program files (x86)/atmel/studio/7.0/toolchain/arm/arm-gnu-toolchain/bin/../lib/gcc/arm-none-eabi/6.3.1/thumb/v7-m\libgcc.a(_arm_fixdfsi.o)
 .ARM.attributes
                0x00000289       0x1d c:/program files (x86)/atmel/studio/7.0/toolchain/arm/arm-gnu-toolchain/bin/../lib/gcc/arm-none-eabi/6.3.1/thumb/v7-m\libgcc.a(_arm_truncdfsf2.o)
 .ARM.attributes
                0x000002a6       0x1d c:/program files (x86)/atmel/studio/7.0/toolchain/arm/arm-gnu-toolchain/bin/../lib/gcc/arm-none-eabi/6.3.1/thumb/v7-m\libgcc.a(_arm_addsubsf3.o)
 .ARM.attributes
                0x000002c3       0x1d c:/program files (x86)/atmel/studio/7.0/toolchain/arm/arm-gnu-toolchain/bin/../lib/gcc/arm-none-eabi/6.3.1/thumb/v7-m\libgcc.a(_arm_muldivsf3.o)
 .ARM.attributes
                0x000002e0       0x1d c:/program files (x86)/atmel/studio/7.0/toolchain/arm/arm-gnu-toolchain/bin/../lib/gcc/arm-none-eabi/6.3.1/thumb/v7-m\libgcc.a(_arm_cmpsf2.o)
 .ARM.attributes
                0x000002fd       0x1d c:/program files (x86)/atmel/studio/7.0/toolchain/arm/arm-gnu-toolchain/bin/../lib/gcc/arm-none-eabi/6.3.1/thumb/v7-m\libgcc.a(_arm_fixunssfsi.o)
 .ARM.attributes
                0x0000031a       0x2d c:/program files (x86)/atmel/studio/7.0/toolchain/arm/arm-gnu-toolchain/bin/../lib/gcc/arm-none-eabi/6.3.1/../../../../arm-none-eabi/lib/thumb/v7-m\libc.a(lib_a-impure.o)
 .ARM.attributes
                0x00000347       0x2d c:/program files (x86)/atmel/studio/7.0/toolchain/arm/arm-gnu-toolchain/bin/../lib/gcc/arm-none-eabi/6.3.1/../../../../arm-none-eabi/lib/thumb/v7-m\libc.a(lib_a-init.o)
 .ARM.attributes
                0x00000374       0x2d c:/program files (x86)/atmel/studio/7.0/toolchain/arm/arm-gnu-toolchain/bin/../lib/gcc/arm-none-eabi/6.3.1/../../../../arm-none-eabi/lib/thumb/v7-m\libc.a(lib_a-__call_atexit.o)
 .ARM.attributes
                0x000003a1       0x2d c:/program files (x86)/atmel/studio/7.0/toolchain/arm/arm-gnu-toolchain/bin/../lib/gcc/arm-none-eabi/6.3.1/../../../../arm-none-eabi/lib/thumb/v7-m\libc.a(lib_a-atexit.o)
 .ARM.attributes
                0x000003ce       0x2d c:/program files (x86)/atmel/studio/7.0/toolchain/arm/arm-gnu-toolchain/bin/../lib/gcc/arm-none-eabi/6.3.1/../../../../arm-none-eabi/lib/thumb/v7-m\libc.a(lib_a-fini.o)
 .ARM.attributes
                0x000003fb       0x2d c:/program files (x86)/atmel/studio/7.0/toolchain/arm/arm-gnu-toolchain/bin/../lib/gcc/arm-none-eabi/6.3.1/../../../../arm-none-eabi/lib/thumb/v7-m\libc.a(lib_a-lock.o)
 .ARM.attributes
                0x00000428       0x2d c:/program files (x86)/atmel/studio/7.0/toolchain/arm/arm-gnu-toolchain/bin/../lib/gcc/arm-none-eabi/6.3.1/../../../../arm-none-eabi/lib/thumb/v7-m\libc.a(lib_a-__atexit.o)
 .ARM.attributes
                0x00000455       0x1d c:/program files (x86)/atmel/studio/7.0/toolchain/arm/arm-gnu-toolchain/bin/../lib/gcc/arm-none-eabi/6.3.1/thumb/v7-m/crtn.o

.comment        0x00000000       0x59
 .comment       0x00000000       0x59 can_controller.o
                                 0x5a (size before relaxing)
 .comment       0x00000059       0x5a can_interrupt.o
 .comment       0x00000059       0x5a Device_Startup/startup_sam3xa.o
 .comment       0x00000059       0x5a Device_Startup/system_sam3xa.o
 .comment       0x00000059       0x5a main.o
 .comment       0x00000059       0x5a motor_interface.o
 .comment       0x00000059       0x5a printf-stdarg.o
 .comment       0x00000059       0x5a servo_ctrl.o
 .comment       0x00000059       0x5a uart.o

.debug_info     0x00000000     0x5a70
 .debug_info    0x00000000      0xd68 can_controller.o
 .debug_info    0x00000d68      0xfef can_interrupt.o
 .debug_info    0x00001d57      0x74e Device_Startup/startup_sam3xa.o
 .debug_info    0x000024a5      0x444 Device_Startup/system_sam3xa.o
 .debug_info    0x000028e9      0xc82 main.o
 .debug_info    0x0000356b      0x318 motor_interface.o
 .debug_info    0x00003883      0x65f printf-stdarg.o
 .debug_info    0x00003ee2      0xf43 servo_ctrl.o
 .debug_info    0x00004e25      0xc4b uart.o

.debug_abbrev   0x00000000     0x11dc
 .debug_abbrev  0x00000000      0x212 can_controller.o
 .debug_abbrev  0x00000212      0x2bd can_interrupt.o
 .debug_abbrev  0x000004cf      0x153 Device_Startup/startup_sam3xa.o
 .debug_abbrev  0x00000622      0x102 Device_Startup/system_sam3xa.o
 .debug_abbrev  0x00000724      0x252 main.o
 .debug_abbrev  0x00000976      0x1d6 motor_interface.o
 .debug_abbrev  0x00000b4c      0x1e6 printf-stdarg.o
 .debug_abbrev  0x00000d32      0x26f servo_ctrl.o
 .debug_abbrev  0x00000fa1      0x23b uart.o

.debug_loc      0x00000000     0x12ba
 .debug_loc     0x00000000      0x2d8 can_controller.o
 .debug_loc     0x000002d8       0x78 can_interrupt.o
 .debug_loc     0x00000350       0x6b Device_Startup/startup_sam3xa.o
 .debug_loc     0x000003bb       0x3f main.o
 .debug_loc     0x000003fa      0x138 motor_interface.o
 .debug_loc     0x00000532      0xb0a printf-stdarg.o
 .debug_loc     0x0000103c      0x1b0 servo_ctrl.o
 .debug_loc     0x000011ec       0xce uart.o

.debug_aranges  0x00000000      0x1e0
 .debug_aranges
                0x00000000       0x38 can_controller.o
 .debug_aranges
                0x00000038       0x20 can_interrupt.o
 .debug_aranges
                0x00000058       0x28 Device_Startup/startup_sam3xa.o
 .debug_aranges
                0x00000080       0x30 Device_Startup/system_sam3xa.o
 .debug_aranges
                0x000000b0       0x20 main.o
 .debug_aranges
                0x000000d0       0x58 motor_interface.o
 .debug_aranges
                0x00000128       0x48 printf-stdarg.o
 .debug_aranges
                0x00000170       0x38 servo_ctrl.o
 .debug_aranges
                0x000001a8       0x38 uart.o

.debug_ranges   0x00000000      0x198
 .debug_ranges  0x00000000       0x28 can_controller.o
 .debug_ranges  0x00000028       0x28 can_interrupt.o
 .debug_ranges  0x00000050       0x18 Device_Startup/startup_sam3xa.o
 .debug_ranges  0x00000068       0x20 Device_Startup/system_sam3xa.o
 .debug_ranges  0x00000088       0x10 main.o
 .debug_ranges  0x00000098       0x48 motor_interface.o
 .debug_ranges  0x000000e0       0x68 printf-stdarg.o
 .debug_ranges  0x00000148       0x28 servo_ctrl.o
 .debug_ranges  0x00000170       0x28 uart.o

.debug_macro    0x00000000    0x12aab
 .debug_macro   0x00000000      0x37f can_controller.o
 .debug_macro   0x0000037f      0x8b0 can_controller.o
 .debug_macro   0x00000c2f       0x22 can_controller.o
 .debug_macro   0x00000c51       0x87 can_controller.o
 .debug_macro   0x00000cd8       0x51 can_controller.o
 .debug_macro   0x00000d29       0xef can_controller.o
 .debug_macro   0x00000e18       0x6a can_controller.o
 .debug_macro   0x00000e82      0x1df can_controller.o
 .debug_macro   0x00001061       0x26 can_controller.o
 .debug_macro   0x00001087       0x1c can_controller.o
 .debug_macro   0x000010a3       0x22 can_controller.o
 .debug_macro   0x000010c5       0xc3 can_controller.o
 .debug_macro   0x00001188      0xe49 can_controller.o
 .debug_macro   0x00001fd1      0x11f can_controller.o
 .debug_macro   0x000020f0      0xa7d can_controller.o
 .debug_macro   0x00002b6d      0x55a can_controller.o
 .debug_macro   0x000030c7      0x1a8 can_controller.o
 .debug_macro   0x0000326f      0x30b can_controller.o
 .debug_macro   0x0000357a      0x709 can_controller.o
 .debug_macro   0x00003c83       0xd6 can_controller.o
 .debug_macro   0x00003d59      0x56c can_controller.o
 .debug_macro   0x000042c5       0x1c can_controller.o
 .debug_macro   0x000042e1      0x678 can_controller.o
 .debug_macro   0x00004959      0x51e can_controller.o
 .debug_macro   0x00004e77       0xbe can_controller.o
 .debug_macro   0x00004f35     0x2333 can_controller.o
 .debug_macro   0x00007268      0x7d1 can_controller.o
 .debug_macro   0x00007a39      0xdbb can_controller.o
 .debug_macro   0x000087f4       0x9a can_controller.o
 .debug_macro   0x0000888e      0x29c can_controller.o
 .debug_macro   0x00008b2a       0x58 can_controller.o
 .debug_macro   0x00008b82      0x999 can_controller.o
 .debug_macro   0x0000951b      0x22d can_controller.o
 .debug_macro   0x00009748      0x4b4 can_controller.o
 .debug_macro   0x00009bfc      0x64a can_controller.o
 .debug_macro   0x0000a246      0x590 can_controller.o
 .debug_macro   0x0000a7d6       0x46 can_controller.o
 .debug_macro   0x0000a81c      0x33f can_controller.o
 .debug_macro   0x0000ab5b      0x27e can_controller.o
 .debug_macro   0x0000add9     0x14dc can_controller.o
 .debug_macro   0x0000c2b5      0x7cf can_controller.o
 .debug_macro   0x0000ca84       0x76 can_controller.o
 .debug_macro   0x0000cafa       0x82 can_controller.o
 .debug_macro   0x0000cb7c       0x76 can_controller.o
 .debug_macro   0x0000cbf2       0x4c can_controller.o
 .debug_macro   0x0000cc3e      0x100 can_controller.o
 .debug_macro   0x0000cd3e      0x100 can_controller.o
 .debug_macro   0x0000ce3e      0x100 can_controller.o
 .debug_macro   0x0000cf3e       0x88 can_controller.o
 .debug_macro   0x0000cfc6       0x88 can_controller.o
 .debug_macro   0x0000d04e      0x3b4 can_controller.o
 .debug_macro   0x0000d402       0xbe can_controller.o
 .debug_macro   0x0000d4c0       0xbe can_controller.o
 .debug_macro   0x0000d57e       0xbe can_controller.o
 .debug_macro   0x0000d63c       0xbe can_controller.o
 .debug_macro   0x0000d6fa      0x2b8 can_controller.o
 .debug_macro   0x0000d9b2      0x118 can_controller.o
 .debug_macro   0x0000daca      0x216 can_controller.o
 .debug_macro   0x0000dce0      0x216 can_controller.o
 .debug_macro   0x0000def6       0x2e can_controller.o
 .debug_macro   0x0000df24       0xac can_controller.o
 .debug_macro   0x0000dfd0      0x13e can_controller.o
 .debug_macro   0x0000e10e       0x7c can_controller.o
 .debug_macro   0x0000e18a      0x1f6 can_controller.o
 .debug_macro   0x0000e380       0x64 can_controller.o
 .debug_macro   0x0000e3e4       0xa6 can_controller.o
 .debug_macro   0x0000e48a       0x7c can_controller.o
 .debug_macro   0x0000e506       0x16 can_controller.o
 .debug_macro   0x0000e51c       0x22 can_controller.o
 .debug_macro   0x0000e53e       0x22 can_controller.o
 .debug_macro   0x0000e560      0x10c can_controller.o
 .debug_macro   0x0000e66c      0x10c can_controller.o
 .debug_macro   0x0000e778      0x10c can_controller.o
 .debug_macro   0x0000e884      0x10c can_controller.o
 .debug_macro   0x0000e990       0x1c can_controller.o
 .debug_macro   0x0000e9ac       0x2e can_controller.o
 .debug_macro   0x0000e9da       0x22 can_controller.o
 .debug_macro   0x0000e9fc       0x1c can_controller.o
 .debug_macro   0x0000ea18       0x58 can_controller.o
 .debug_macro   0x0000ea70       0x10 can_controller.o
 .debug_macro   0x0000ea80      0x27a can_controller.o
 .debug_macro   0x0000ecfa      0xd34 can_controller.o
 .debug_macro   0x0000fa2e      0x170 can_controller.o
 .debug_macro   0x0000fb9e      0x4dd can_interrupt.o
 .debug_macro   0x0001007b       0x52 can_interrupt.o
 .debug_macro   0x000100cd       0x8d can_interrupt.o
 .debug_macro   0x0001015a       0x35 can_interrupt.o
 .debug_macro   0x0001018f       0x9c can_interrupt.o
 .debug_macro   0x0001022b       0x16 can_interrupt.o
 .debug_macro   0x00010241       0x57 can_interrupt.o
 .debug_macro   0x00010298       0x97 can_interrupt.o
 .debug_macro   0x0001032f      0x353 can_interrupt.o
 .debug_macro   0x00010682       0xf6 can_interrupt.o
 .debug_macro   0x00010778       0x10 can_interrupt.o
 .debug_macro   0x00010788       0x58 can_interrupt.o
 .debug_macro   0x000107e0       0x1f can_interrupt.o
 .debug_macro   0x000107ff       0x43 can_interrupt.o
 .debug_macro   0x00010842       0x20 can_interrupt.o
 .debug_macro   0x00010862      0x187 can_interrupt.o
 .debug_macro   0x000109e9       0x10 can_interrupt.o
 .debug_macro   0x000109f9       0x1c can_interrupt.o
 .debug_macro   0x00010a15       0x52 can_interrupt.o
 .debug_macro   0x00010a67       0x40 can_interrupt.o
 .debug_macro   0x00010aa7       0x10 can_interrupt.o
 .debug_macro   0x00010ab7       0x40 can_interrupt.o
 .debug_macro   0x00010af7       0xd7 can_interrupt.o
 .debug_macro   0x00010bce       0x16 can_interrupt.o
 .debug_macro   0x00010be4      0x18b can_interrupt.o
 .debug_macro   0x00010d6f       0x20 can_interrupt.o
 .debug_macro   0x00010d8f       0xbd can_interrupt.o
 .debug_macro   0x00010e4c      0x371 Device_Startup/startup_sam3xa.o
 .debug_macro   0x000111bd      0x383 Device_Startup/system_sam3xa.o
 .debug_macro   0x00011540      0x504 main.o
 .debug_macro   0x00011a44       0x10 main.o
 .debug_macro   0x00011a54       0x58 main.o
 .debug_macro   0x00011aac      0x34d main.o
 .debug_macro   0x00011df9      0x37b motor_interface.o
 .debug_macro   0x00012174       0x8e printf-stdarg.o
 .debug_macro   0x00012202       0x58 printf-stdarg.o
 .debug_macro   0x0001225a      0x4dd servo_ctrl.o
 .debug_macro   0x00012737      0x374 uart.o

.debug_line     0x00000000     0x431e
 .debug_line    0x00000000      0x7d5 can_controller.o
 .debug_line    0x000007d5      0x87e can_interrupt.o
 .debug_line    0x00001053      0x725 Device_Startup/startup_sam3xa.o
 .debug_line    0x00001778      0x79b Device_Startup/system_sam3xa.o
 .debug_line    0x00001f13      0x8a1 main.o
 .debug_line    0x000027b4      0x7aa motor_interface.o
 .debug_line    0x00002f5e      0x3bd printf-stdarg.o
 .debug_line    0x0000331b      0x897 servo_ctrl.o
 .debug_line    0x00003bb2      0x76c uart.o

.debug_str      0x00000000    0x55214
 .debug_str     0x00000000    0x5052c can_controller.o
                              0x50701 (size before relaxing)
 .debug_str     0x0005052c     0x4156 can_interrupt.o
                              0x54568 (size before relaxing)
 .debug_str     0x00054682      0x506 Device_Startup/startup_sam3xa.o
                              0x504d4 (size before relaxing)
 .debug_str     0x00054b88      0x195 Device_Startup/system_sam3xa.o
                              0x50267 (size before relaxing)
 .debug_str     0x00054d1d      0x10b main.o
                              0x542c4 (size before relaxing)
 .debug_str     0x00054e28      0x111 motor_interface.o
                              0x50127 (size before relaxing)
 .debug_str     0x00054f39      0x174 printf-stdarg.o
                               0x365a (size before relaxing)
 .debug_str     0x000550ad       0x64 servo_ctrl.o
                              0x543e3 (size before relaxing)
 .debug_str     0x00055111      0x103 uart.o
                              0x506b1 (size before relaxing)

.debug_frame    0x00000000      0x908
 .debug_frame   0x00000000       0x78 can_controller.o
 .debug_frame   0x00000078       0x30 can_interrupt.o
 .debug_frame   0x000000a8       0x38 Device_Startup/startup_sam3xa.o
 .debug_frame   0x000000e0       0x40 Device_Startup/system_sam3xa.o
 .debug_frame   0x00000120       0x30 main.o
 .debug_frame   0x00000150       0xa4 motor_interface.o
 .debug_frame   0x000001f4      0x118 printf-stdarg.o
 .debug_frame   0x0000030c       0x6c servo_ctrl.o
 .debug_frame   0x00000378       0x58 uart.o
 .debug_frame   0x000003d0       0xac c:/program files (x86)/atmel/studio/7.0/toolchain/arm/arm-gnu-toolchain/bin/../lib/gcc/arm-none-eabi/6.3.1/thumb/v7-m\libgcc.a(_arm_addsubdf3.o)
 .debug_frame   0x0000047c       0x50 c:/program files (x86)/atmel/studio/7.0/toolchain/arm/arm-gnu-toolchain/bin/../lib/gcc/arm-none-eabi/6.3.1/thumb/v7-m\libgcc.a(_arm_muldivdf3.o)
 .debug_frame   0x000004cc       0xc4 c:/program files (x86)/atmel/studio/7.0/toolchain/arm/arm-gnu-toolchain/bin/../lib/gcc/arm-none-eabi/6.3.1/thumb/v7-m\libgcc.a(_arm_cmpdf2.o)
 .debug_frame   0x00000590       0x24 c:/program files (x86)/atmel/studio/7.0/toolchain/arm/arm-gnu-toolchain/bin/../lib/gcc/arm-none-eabi/6.3.1/thumb/v7-m\libgcc.a(_arm_fixdfsi.o)
 .debug_frame   0x000005b4       0x24 c:/program files (x86)/atmel/studio/7.0/toolchain/arm/arm-gnu-toolchain/bin/../lib/gcc/arm-none-eabi/6.3.1/thumb/v7-m\libgcc.a(_arm_truncdfsf2.o)
 .debug_frame   0x000005d8       0x4c c:/program files (x86)/atmel/studio/7.0/toolchain/arm/arm-gnu-toolchain/bin/../lib/gcc/arm-none-eabi/6.3.1/thumb/v7-m\libgcc.a(_arm_addsubsf3.o)
 .debug_frame   0x00000624       0x38 c:/program files (x86)/atmel/studio/7.0/toolchain/arm/arm-gnu-toolchain/bin/../lib/gcc/arm-none-eabi/6.3.1/thumb/v7-m\libgcc.a(_arm_muldivsf3.o)
 .debug_frame   0x0000065c       0xc8 c:/program files (x86)/atmel/studio/7.0/toolchain/arm/arm-gnu-toolchain/bin/../lib/gcc/arm-none-eabi/6.3.1/thumb/v7-m\libgcc.a(_arm_cmpsf2.o)
 .debug_frame   0x00000724       0x24 c:/program files (x86)/atmel/studio/7.0/toolchain/arm/arm-gnu-toolchain/bin/../lib/gcc/arm-none-eabi/6.3.1/thumb/v7-m\libgcc.a(_arm_fixunssfsi.o)
 .debug_frame   0x00000748       0x2c c:/program files (x86)/atmel/studio/7.0/toolchain/arm/arm-gnu-toolchain/bin/../lib/gcc/arm-none-eabi/6.3.1/../../../../arm-none-eabi/lib/thumb/v7-m\libc.a(lib_a-init.o)
 .debug_frame   0x00000774       0x5c c:/program files (x86)/atmel/studio/7.0/toolchain/arm/arm-gnu-toolchain/bin/../lib/gcc/arm-none-eabi/6.3.1/../../../../arm-none-eabi/lib/thumb/v7-m\libc.a(lib_a-__call_atexit.o)
 .debug_frame   0x000007d0       0x20 c:/program files (x86)/atmel/studio/7.0/toolchain/arm/arm-gnu-toolchain/bin/../lib/gcc/arm-none-eabi/6.3.1/../../../../arm-none-eabi/lib/thumb/v7-m\libc.a(lib_a-atexit.o)
 .debug_frame   0x000007f0       0x34 c:/program files (x86)/atmel/studio/7.0/toolchain/arm/arm-gnu-toolchain/bin/../lib/gcc/arm-none-eabi/6.3.1/../../../../arm-none-eabi/lib/thumb/v7-m\libc.a(lib_a-fini.o)
 .debug_frame   0x00000824       0xb0 c:/program files (x86)/atmel/studio/7.0/toolchain/arm/arm-gnu-toolchain/bin/../lib/gcc/arm-none-eabi/6.3.1/../../../../arm-none-eabi/lib/thumb/v7-m\libc.a(lib_a-lock.o)
 .debug_frame   0x000008d4       0x34 c:/program files (x86)/atmel/studio/7.0/toolchain/arm/arm-gnu-toolchain/bin/../lib/gcc/arm-none-eabi/6.3.1/../../../../arm-none-eabi/lib/thumb/v7-m\libc.a(lib_a-__atexit.o)
