Archive member included to satisfy reference by file (symbol)

c:/program files (x86)/atmel/studio/7.0/toolchain/arm/arm-gnu-toolchain/bin/../lib/gcc/arm-none-eabi/6.3.1/thumb/v7-m\libgcc.a(_arm_addsubdf3.o)
                              motor_controller.o (__aeabi_dadd)
c:/program files (x86)/atmel/studio/7.0/toolchain/arm/arm-gnu-toolchain/bin/../lib/gcc/arm-none-eabi/6.3.1/thumb/v7-m\libgcc.a(_arm_muldivdf3.o)
                              motor_controller.o (__aeabi_dmul)
c:/program files (x86)/atmel/studio/7.0/toolchain/arm/arm-gnu-toolchain/bin/../lib/gcc/arm-none-eabi/6.3.1/thumb/v7-m\libgcc.a(_arm_cmpdf2.o)
                              servo_ctrl.o (__aeabi_dcmplt)
c:/program files (x86)/atmel/studio/7.0/toolchain/arm/arm-gnu-toolchain/bin/../lib/gcc/arm-none-eabi/6.3.1/thumb/v7-m\libgcc.a(_arm_fixdfsi.o)
                              motor_controller.o (__aeabi_d2iz)
c:/program files (x86)/atmel/studio/7.0/toolchain/arm/arm-gnu-toolchain/bin/../lib/gcc/arm-none-eabi/6.3.1/thumb/v7-m\libgcc.a(_arm_truncdfsf2.o)
                              servo_ctrl.o (__aeabi_d2f)
c:/program files (x86)/atmel/studio/7.0/toolchain/arm/arm-gnu-toolchain/bin/../lib/gcc/arm-none-eabi/6.3.1/thumb/v7-m\libgcc.a(_arm_addsubsf3.o)
                              servo_ctrl.o (__aeabi_fsub)
c:/program files (x86)/atmel/studio/7.0/toolchain/arm/arm-gnu-toolchain/bin/../lib/gcc/arm-none-eabi/6.3.1/thumb/v7-m\libgcc.a(_arm_muldivsf3.o)
                              motor_controller.o (__aeabi_fmul)
c:/program files (x86)/atmel/studio/7.0/toolchain/arm/arm-gnu-toolchain/bin/../lib/gcc/arm-none-eabi/6.3.1/thumb/v7-m\libgcc.a(_arm_cmpsf2.o)
                              servo_ctrl.o (__aeabi_fcmpgt)
c:/program files (x86)/atmel/studio/7.0/toolchain/arm/arm-gnu-toolchain/bin/../lib/gcc/arm-none-eabi/6.3.1/thumb/v7-m\libgcc.a(_arm_fixsfsi.o)
                              motor_controller.o (__aeabi_f2iz)
c:/program files (x86)/atmel/studio/7.0/toolchain/arm/arm-gnu-toolchain/bin/../lib/gcc/arm-none-eabi/6.3.1/thumb/v7-m\libgcc.a(_arm_fixunssfsi.o)
                              servo_ctrl.o (__aeabi_f2uiz)
c:/program files (x86)/atmel/studio/7.0/toolchain/arm/arm-gnu-toolchain/bin/../lib/gcc/arm-none-eabi/6.3.1/../../../../arm-none-eabi/lib/thumb/v7-m\libc.a(lib_a-exit.o)
                              c:/program files (x86)/atmel/studio/7.0/toolchain/arm/arm-gnu-toolchain/bin/../lib/gcc/arm-none-eabi/6.3.1/../../../../arm-none-eabi/lib/thumb/v7-m/crt0.o (exit)
c:/program files (x86)/atmel/studio/7.0/toolchain/arm/arm-gnu-toolchain/bin/../lib/gcc/arm-none-eabi/6.3.1/../../../../arm-none-eabi/lib/thumb/v7-m\libc.a(lib_a-impure.o)
                              c:/program files (x86)/atmel/studio/7.0/toolchain/arm/arm-gnu-toolchain/bin/../lib/gcc/arm-none-eabi/6.3.1/../../../../arm-none-eabi/lib/thumb/v7-m\libc.a(lib_a-exit.o) (_global_impure_ptr)
c:/program files (x86)/atmel/studio/7.0/toolchain/arm/arm-gnu-toolchain/bin/../lib/gcc/arm-none-eabi/6.3.1/../../../../arm-none-eabi/lib/thumb/v7-m\libc.a(lib_a-init.o)
                              c:/program files (x86)/atmel/studio/7.0/toolchain/arm/arm-gnu-toolchain/bin/../lib/gcc/arm-none-eabi/6.3.1/../../../../arm-none-eabi/lib/thumb/v7-m/crt0.o (__libc_init_array)
c:/program files (x86)/atmel/studio/7.0/toolchain/arm/arm-gnu-toolchain/bin/../lib/gcc/arm-none-eabi/6.3.1/../../../../arm-none-eabi/lib/thumb/v7-m\libc.a(lib_a-memset.o)
                              c:/program files (x86)/atmel/studio/7.0/toolchain/arm/arm-gnu-toolchain/bin/../lib/gcc/arm-none-eabi/6.3.1/../../../../arm-none-eabi/lib/thumb/v7-m/crt0.o (memset)
c:/program files (x86)/atmel/studio/7.0/toolchain/arm/arm-gnu-toolchain/bin/../lib/gcc/arm-none-eabi/6.3.1/../../../../arm-none-eabi/lib/thumb/v7-m\libc.a(lib_a-__call_atexit.o)
                              c:/program files (x86)/atmel/studio/7.0/toolchain/arm/arm-gnu-toolchain/bin/../lib/gcc/arm-none-eabi/6.3.1/../../../../arm-none-eabi/lib/thumb/v7-m\libc.a(lib_a-exit.o) (__call_exitprocs)
c:/program files (x86)/atmel/studio/7.0/toolchain/arm/arm-gnu-toolchain/bin/../lib/gcc/arm-none-eabi/6.3.1/../../../../arm-none-eabi/lib/thumb/v7-m\libc.a(lib_a-atexit.o)
                              c:/program files (x86)/atmel/studio/7.0/toolchain/arm/arm-gnu-toolchain/bin/../lib/gcc/arm-none-eabi/6.3.1/../../../../arm-none-eabi/lib/thumb/v7-m\libc.a(lib_a-__call_atexit.o) (atexit)
c:/program files (x86)/atmel/studio/7.0/toolchain/arm/arm-gnu-toolchain/bin/../lib/gcc/arm-none-eabi/6.3.1/../../../../arm-none-eabi/lib/thumb/v7-m\libc.a(lib_a-fini.o)
                              c:/program files (x86)/atmel/studio/7.0/toolchain/arm/arm-gnu-toolchain/bin/../lib/gcc/arm-none-eabi/6.3.1/../../../../arm-none-eabi/lib/thumb/v7-m\libc.a(lib_a-__call_atexit.o) (__libc_fini_array)
c:/program files (x86)/atmel/studio/7.0/toolchain/arm/arm-gnu-toolchain/bin/../lib/gcc/arm-none-eabi/6.3.1/../../../../arm-none-eabi/lib/thumb/v7-m\libc.a(lib_a-lock.o)
[...]
Memory Configuration

Name             Origin             Length             Attributes
rom              0x00080000         0x00080000         xr
ram              0x20000000         0x00018000         xrw
*default*        0x00000000         0xffffffff

Linker script and memory map

LOAD c:/program files (x86)/atmel/studio/7.0/toolchain/arm/arm-gnu-toolchain/bin/../lib/gcc/arm-none-eabi/6.3.1/thumb/v7-m/crti.o
LOAD c:/program files (x86)/atmel/studio/7.0/toolchain/arm/arm-gnu-toolchain/bin/../lib/gcc/arm-none-eabi/6.3.1/thumb/v7-m/crtbegin.o
LOAD c:/program files (x86)/atmel/studio/7.0/toolchain/arm/arm-gnu-toolchain/bin/../lib/gcc/arm-none-eabi/6.3.1/../../../../arm-none-eabi/lib/thumb/v7-m/crt0.o
LOAD can_controller.o
LOAD can_interrupt.o
LOAD Device_Startup/startup_sam3xa.o
LOAD Device_Startup/system_sam3xa.o
LOAD ADC.o
LOAD main.o
LOAD motor_controller.o
LOAD motor_interface.o
LOAD printf-stdarg.o
LOAD Timer.o
LOAD servo_ctrl.o
LOAD uart.o
START GROUP
LOAD c:/program files (x86)/atmel/studio/7.0/toolchain/arm/arm-gnu-toolchain/bin/../lib/gcc/arm-none-eabi/6.3.1/../../../../arm-none-eabi/lib/thumb/v7-m\libm.a
END GROUP
START GROUP
LOAD c:/program files (x86)/atmel/studio/7.0/toolchain/arm/arm-gnu-toolchain/bin/../lib/gcc/arm-none-eabi/6.3.1/thumb/v7-m\libgcc.a
LOAD c:/program files (x86)/atmel/studio/7.0/toolchain/arm/arm-gnu-toolchain/bin/../lib/gcc/arm-none-eabi/6.3.1/../../../../arm-none-eabi/lib/thumb/v7-m\libc.a
END GROUP
LOAD c:/program files (x86)/atmel/studio/7.0/toolchain/arm/arm-gnu-toolchain/bin/../lib/gcc/arm-none-eabi/6.3.1/thumb/v7-m/crtend.o
LOAD c:/program files (x86)/atmel/studio/7.0/toolchain/arm/arm-gnu-toolchain/bin/../lib/gcc/arm-none-eabi/6.3.1/thumb/v7-m/crtn.o
                0x00000400                STACK_SIZE = DEFINED (STACK_SIZE)?STACK_SIZE:0x400
                0x00000200                HEAP_SIZE = DEFINED (HEAP_SIZE)?HEAP_SIZE:0x200

.text           0x00080000     0x216c
                0x00080000                . = ALIGN (0x4)
                0x00080000                _sfixed = .
 *(.vectors .vectors.*)
 .vectors       0x00080000       0xf4 Device_Startup/startup_sam3xa.o
                0x00080000                exception_table
 *(.text .text.* .gnu.linkonce.t.*)
 .text          0x000800f4       0x6c c:/program files (x86)/atmel/studio/7.0/toolchain/arm/arm-gnu-toolchain/bin/../lib/gcc/arm-none-eabi/6.3.1/thumb/v7-m/crtbegin.o
 .text.can_init
                0x00080160       0xf0 can_controller.o
                0x00080160                can_init
 .text.can_send
                0x00080250       0x8c can_controller.o
                0x00080250                can_send
 .text.can_receive
                0x000802dc       0x84 can_controller.o
                0x000802dc                can_receive
 .text.CAN0_Handler
                0x00080360       0xb4 can_interrupt.o
                0x00080360                CAN0_Handler
 .text.Dummy_Handler
                0x00080414        0x2 Device_Startup/startup_sam3xa.o
                0x00080414                DACC_Handler
                0x00080414                DebugMon_Handler
                0x00080414                DMAC_Handler
                0x00080414                TRNG_Handler
                0x00080414                HardFault_Handler
                0x00080414                TC2_Handler
                0x00080414                SysTick_Handler
                0x00080414                USART3_Handler
                0x00080414                TWI1_Handler
                0x00080414                PendSV_Handler
                0x00080414                NMI_Handler
                0x00080414                TC7_Handler
                0x00080414                ADC_Handler
                0x00080414                SMC_Handler
                0x00080414                USART0_Handler
                0x00080414                RTT_Handler
                0x00080414                EFC1_Handler
                0x00080414                PIOB_Handler
                0x00080414                RTC_Handler
                0x00080414                UsageFault_Handler
                0x00080414                TC6_Handler
                0x00080414                WDT_Handler
                0x00080414                TC4_Handler
                0x00080414                TC1_Handler
                0x00080414                HSMCI_Handler
                0x00080414                TC3_Handler
                0x00080414                Dummy_Handler
                0x00080414                TWI0_Handler
                0x00080414                USART1_Handler
                0x00080414                PIOA_Handler
                0x00080414                SSC_Handler
                0x00080414                EFC0_Handler
                0x00080414                PMC_Handler
                0x00080414                PWM_Handler
                0x00080414                CAN1_Handler
                0x00080414                MemManage_Handler
                0x00080414                SUPC_Handler
                0x00080414                SVC_Handler
                0x00080414                TC8_Handler
                0x00080414                USART2_Handler
                0x00080414                PIOD_Handler
                0x00080414                EMAC_Handler
                0x00080414                PIOC_Handler
                0x00080414                BusFault_Handler
                0x00080414                RSTC_Handler
                0x00080414                TC5_Handler
                0x00080414                UOTGHS_Handler
                0x00080414                SPI0_Handler
 *fill*         0x00080416        0x2 
 .text.Reset_Handler
                0x00080418       0x88 Device_Startup/startup_sam3xa.o
                0x00080418                Reset_Handler
 .text.SystemInit
                0x000804a0       0xa4 Device_Startup/system_sam3xa.o
                0x000804a0                SystemInit
 .text.IR_init  0x00080544       0x2c ADC.o
                0x00080544                IR_init
 .text.IR_check
                0x00080570       0x14 ADC.o
                0x00080570                IR_check
 .text.main     0x00080584       0xec main.o
                0x00080584                main
 .text.init_motor_controller_parameters
                0x00080670       0x24 motor_controller.o
                0x00080670                init_motor_controller_parameters
 *fill*         0x00080694        0x4 
 .text.motor_controller_update
                0x00080698       0x9c motor_controller.o
                0x00080698                motor_controller_update
 .text.motor_controller_set_input
                0x00080734       0x54 motor_controller.o
                0x00080734                motor_controller_set_input
 .text.motor_init_DAC
                0x00080788       0x64 motor_interface.o
                0x00080788                motor_init_DAC
 *fill*         0x000807ec        0x4 
 .text.motor_set_input
                0x000807f0       0x38 motor_interface.o
                0x000807f0                motor_set_input
 .text.motor_select_direction
                0x00080828       0x24 motor_interface.o
                0x00080828                motor_select_direction
 .text.motor_reset_counter
                0x0008084c       0x20 motor_interface.o
                0x0008084c                motor_reset_counter
 .text.motor_enable
                0x0008086c       0x1c motor_interface.o
                0x0008086c                motor_enable
 .text.motor_activate_counter_output
                0x00080888       0x24 motor_interface.o
                0x00080888                motor_activate_counter_output
 .text.motor_read_counter
                0x000808ac       0x84 motor_interface.o
                0x000808ac                motor_read_counter
 .text.prints   0x00080930       0xac printf-stdarg.o
 .text.printi   0x000809dc       0xbc printf-stdarg.o
 .text.print    0x00080a98      0x160 printf-stdarg.o
 .text.printf   0x00080bf8       0x24 printf-stdarg.o
                0x00080bf8                printf
 .text.timer_init
                0x00080c1c       0x40 Timer.o
                0x00080c1c                timer_init
 .text.TC0_Handler
                0x00080c5c       0x4c Timer.o
                0x00080c5c                TC0_Handler
 .text.SetTimer
                0x00080ca8       0x20 Timer.o
                0x00080ca8                SetTimer
 .text.count_value
                0x00080cc8        0xc Timer.o
                0x00080cc8                count_value
 .text.reset_count
                0x00080cd4        0xc Timer.o
                0x00080cd4                reset_count
 .text.servo_pwm_init
                0x00080ce0       0x64 servo_ctrl.o
                0x00080ce0                servo_pwm_init
 *fill*         0x00080d44        0x4 
 .text.servo_set_pwm
                0x00080d48       0x94 servo_ctrl.o
                0x00080d48                servo_set_pwm
 *fill*         0x00080ddc        0x4 
 .text.servo_set_angle
                0x00080de0       0x6c servo_ctrl.o
                0x00080de0                servo_set_angle
 .text.servo_activate_solonoid
                0x00080e4c       0x2c servo_ctrl.o
                0x00080e4c                servo_activate_solonoid
 .text.configure_uart
                0x00080e78       0x68 uart.o
                0x00080e78                configure_uart
 .text.uart_putchar
                0x00080ee0       0x24 uart.o
                0x00080ee0                uart_putchar
 .text.UART_Handler
                0x00080f04       0x68 uart.o
                0x00080f04                UART_Handler
 .text          0x00080f6c      0x370 c:/program files (x86)/atmel/studio/7.0/toolchain/arm/arm-gnu-toolchain/bin/../lib/gcc/arm-none-eabi/6.3.1/thumb/v7-m\libgcc.a(_arm_addsubdf3.o)
                0x00080f6c                __aeabi_drsub
                0x00080f74                __aeabi_dsub
                0x00080f74                __subdf3
                0x00080f78                __aeabi_dadd
                0x00080f78                __adddf3
                0x000811f0                __floatunsidf
                0x000811f0                __aeabi_ui2d
                0x00081210                __floatsidf
                0x00081210                __aeabi_i2d
                0x00081234                __aeabi_f2d
                0x00081234                __extendsfdf2
                0x00081270                __floatundidf
                0x00081270                __aeabi_ul2d
                0x00081280                __floatdidf
                0x00081280                __aeabi_l2d
 .text          0x000812dc      0x424 c:/program files (x86)/atmel/studio/7.0/toolchain/arm/arm-gnu-toolchain/bin/../lib/gcc/arm-none-eabi/6.3.1/thumb/v7-m\libgcc.a(_arm_muldivdf3.o)
                0x000812dc                __aeabi_dmul
                0x000812dc                __muldf3
                0x00081530                __divdf3
                0x00081530                __aeabi_ddiv
 .text          0x00081700      0x110 c:/program files (x86)/atmel/studio/7.0/toolchain/arm/arm-gnu-toolchain/bin/../lib/gcc/arm-none-eabi/6.3.1/thumb/v7-m\libgcc.a(_arm_cmpdf2.o)
                0x00081700                __gtdf2
                0x00081700                __gedf2
                0x00081708                __ltdf2
                0x00081708                __ledf2
                0x00081710                __nedf2
                0x00081710                __eqdf2
                0x00081710                __cmpdf2
                0x0008178c                __aeabi_cdrcmple
                0x0008179c                __aeabi_cdcmpeq
                0x0008179c                __aeabi_cdcmple
                0x000817ac                __aeabi_dcmpeq
                0x000817c0                __aeabi_dcmplt
                0x000817d4                __aeabi_dcmple
                0x000817e8                __aeabi_dcmpge
                0x000817fc                __aeabi_dcmpgt
 .text          0x00081810       0x50 c:/program files (x86)/atmel/studio/7.0/toolchain/arm/arm-gnu-toolchain/bin/../lib/gcc/arm-none-eabi/6.3.1/thumb/v7-m\libgcc.a(_arm_fixdfsi.o)
                0x00081810                __aeabi_d2iz
                0x00081810                __fixdfsi
 .text          0x00081860       0xa0 c:/program files (x86)/atmel/studio/7.0/toolchain/arm/arm-gnu-toolchain/bin/../lib/gcc/arm-none-eabi/6.3.1/thumb/v7-m\libgcc.a(_arm_truncdfsf2.o)
                0x00081860                __truncdfsf2
                0x00081860                __aeabi_d2f
 .text          0x00081900      0x21c c:/program files (x86)/atmel/studio/7.0/toolchain/arm/arm-gnu-toolchain/bin/../lib/gcc/arm-none-eabi/6.3.1/thumb/v7-m\libgcc.a(_arm_addsubsf3.o)
                0x00081900                __aeabi_frsub
                0x00081908                __subsf3
                0x00081908                __aeabi_fsub
                0x0008190c                __aeabi_fadd
                0x0008190c                __addsf3
                0x00081a6c                __aeabi_ui2f
                0x00081a6c                __floatunsisf
                0x00081a74                __aeabi_i2f
                0x00081a74                __floatsisf
                0x00081a90                __aeabi_ul2f
                0x00081a90                __floatundisf
                0x00081aa0                __aeabi_l2f
                0x00081aa0                __floatdisf
 .text          0x00081b1c      0x2a0 c:/program files (x86)/atmel/studio/7.0/toolchain/arm/arm-gnu-toolchain/bin/../lib/gcc/arm-none-eabi/6.3.1/thumb/v7-m\libgcc.a(_arm_muldivsf3.o)
                0x00081b1c                __mulsf3
                0x00081b1c                __aeabi_fmul
                0x00081c84                __aeabi_fdiv
                0x00081c84                __divsf3
 .text          0x00081dbc       0xec c:/program files (x86)/atmel/studio/7.0/toolchain/arm/arm-gnu-toolchain/bin/../lib/gcc/arm-none-eabi/6.3.1/thumb/v7-m\libgcc.a(_arm_cmpsf2.o)
                0x00081dbc                __gesf2
                0x00081dbc                __gtsf2
                0x00081dc4                __lesf2
                0x00081dc4                __ltsf2
                0x00081dcc                __nesf2
                0x00081dcc                __eqsf2
                0x00081dcc                __cmpsf2
                0x00081e2c                __aeabi_cfrcmple
                0x00081e34                __aeabi_cfcmpeq
                0x00081e34                __aeabi_cfcmple
                0x00081e44                __aeabi_fcmpeq
                0x00081e58                __aeabi_fcmplt
                0x00081e6c                __aeabi_fcmple
                0x00081e80                __aeabi_fcmpge
                0x00081e94                __aeabi_fcmpgt
 .text          0x00081ea8       0x4c c:/program files (x86)/atmel/studio/7.0/toolchain/arm/arm-gnu-toolchain/bin/../lib/gcc/arm-none-eabi/6.3.1/thumb/v7-m\libgcc.a(_arm_fixsfsi.o)
                0x00081ea8                __aeabi_f2iz
                0x00081ea8                __fixsfsi
 .text          0x00081ef4       0x40 c:/program files (x86)/atmel/studio/7.0/toolchain/arm/arm-gnu-toolchain/bin/../lib/gcc/arm-none-eabi/6.3.1/thumb/v7-m\libgcc.a(_arm_fixunssfsi.o)
                0x00081ef4                __fixunssfsi
                0x00081ef4                __aeabi_f2uiz
 .text.__libc_init_array
                0x00081f34       0x50 c:/program files (x86)/atmel/studio/7.0/toolchain/arm/arm-gnu-toolchain/bin/../lib/gcc/arm-none-eabi/6.3.1/../../../../arm-none-eabi/lib/thumb/v7-m\libc.a(lib_a-init.o)
                0x00081f34                __libc_init_array
 .text.startup.register_fini
                0x00081f84       0x14 c:/program files (x86)/atmel/studio/7.0/toolchain/arm/arm-gnu-toolchain/bin/../lib/gcc/arm-none-eabi/6.3.1/../../../../arm-none-eabi/lib/thumb/v7-m\libc.a(lib_a-__call_atexit.o)
 .text.atexit   0x00081f98        0xc c:/program files (x86)/atmel/studio/7.0/toolchain/arm/arm-gnu-toolchain/bin/../lib/gcc/arm-none-eabi/6.3.1/../../../../arm-none-eabi/lib/thumb/v7-m\libc.a(lib_a-atexit.o)
                0x00081f98                atexit
 .text.__libc_fini_array
                0x00081fa4       0x34 c:/program files (x86)/atmel/studio/7.0/toolchain/arm/arm-gnu-toolchain/bin/../lib/gcc/arm-none-eabi/6.3.1/../../../../arm-none-eabi/lib/thumb/v7-m\libc.a(lib_a-fini.o)
                0x00081fa4                __libc_fini_array
 .text.__retarget_lock_acquire_recursive
                0x00081fd8        0x4 c:/program files (x86)/atmel/studio/7.0/toolchain/arm/arm-gnu-toolchain/bin/../lib/gcc/arm-none-eabi/6.3.1/../../../../arm-none-eabi/lib/thumb/v7-m\libc.a(lib_a-lock.o)
                0x00081fd8                __retarget_lock_acquire_recursive
 .text.__retarget_lock_release_recursive
                0x00081fdc        0x4 c:/program files (x86)/atmel/studio/7.0/toolchain/arm/arm-gnu-toolchain/bin/../lib/gcc/arm-none-eabi/6.3.1/../../../../arm-none-eabi/lib/thumb/v7-m\libc.a(lib_a-lock.o)
                0x00081fdc                __retarget_lock_release_recursive
 .text.__register_exitproc
                0x00081fe0       0xc4 c:/program files (x86)/atmel/studio/7.0/toolchain/arm/arm-gnu-toolchain/bin/../lib/gcc/arm-none-eabi/6.3.1/../../../../arm-none-eabi/lib/thumb/v7-m\libc.a(lib_a-__atexit.o)
                0x00081fe0                __register_exitproc
 *(.glue_7t)
 .glue_7t       0x000820a4        0x0 linker stubs
 *(.glue_7)
 .glue_7        0x000820a4        0x0 linker stubs
 *(.rodata .rodata* .gnu.linkonce.r.*)
 .rodata.str1.4
                0x000820a4       0x2b can_interrupt.o
 *fill*         0x000820cf        0x1 
 .rodata.str1.4
                0x000820d0       0x12 main.o
 *fill*         0x000820e2        0x2 
 .rodata.str1.4
                0x000820e4        0x7 printf-stdarg.o
 *fill*         0x000820eb        0x1 
 .rodata.str1.4
                0x000820ec       0x37 servo_ctrl.o
 *fill*         0x00082123        0x1 
 .rodata.str1.4
                0x00082124       0x20 uart.o
                                 0x1e (size before relaxing)
 .rodata._global_impure_ptr
                0x00082144        0x4 c:/program files (x86)/atmel/studio/7.0/toolchain/arm/arm-gnu-toolchain/bin/../lib/gcc/arm-none-eabi/6.3.1/../../../../arm-none-eabi/lib/thumb/v7-m\libc.a(lib_a-impure.o)
                0x00082144                _global_impure_ptr
 *(.ARM.extab* .gnu.linkonce.armextab.*)
                0x00082148                . = ALIGN (0x4)
 *(.init)
 .init          0x00082148        0x4 c:/program files (x86)/atmel/studio/7.0/toolchain/arm/arm-gnu-toolchain/bin/../lib/gcc/arm-none-eabi/6.3.1/thumb/v7-m/crti.o
                0x00082148                _init
 .init          0x0008214c        0x8 c:/program files (x86)/atmel/studio/7.0/toolchain/arm/arm-gnu-toolchain/bin/../lib/gcc/arm-none-eabi/6.3.1/thumb/v7-m/crtn.o
                0x00082154                . = ALIGN (0x4)
                0x00082154                __preinit_array_start = .
 *(.preinit_array)
                0x00082154                __preinit_array_end = .
                0x00082154                . = ALIGN (0x4)
                0x00082154                __init_array_start = .
 *(SORT(.init_array.*))
 .init_array.00000
                0x00082154        0x4 c:/program files (x86)/atmel/studio/7.0/toolchain/arm/arm-gnu-toolchain/bin/../lib/gcc/arm-none-eabi/6.3.1/../../../../arm-none-eabi/lib/thumb/v7-m\libc.a(lib_a-__call_atexit.o)
 *(.init_array)
 .init_array    0x00082158        0x4 c:/program files (x86)/atmel/studio/7.0/toolchain/arm/arm-gnu-toolchain/bin/../lib/gcc/arm-none-eabi/6.3.1/thumb/v7-m/crtbegin.o
                0x0008215c                __init_array_end = .
                0x0008215c                . = ALIGN (0x4)
 *crtbegin.o(.ctors)
 *(EXCLUDE_FILE(*crtend.o) .ctors)
 *(SORT(.ctors.*))
 *crtend.o(.ctors)
                0x0008215c                . = ALIGN (0x4)
 *(.fini)
 .fini          0x0008215c        0x4 c:/program files (x86)/atmel/studio/7.0/toolchain/arm/arm-gnu-toolchain/bin/../lib/gcc/arm-none-eabi/6.3.1/thumb/v7-m/crti.o
                0x0008215c                _fini
 .fini          0x00082160        0x8 c:/program files (x86)/atmel/studio/7.0/toolchain/arm/arm-gnu-toolchain/bin/../lib/gcc/arm-none-eabi/6.3.1/thumb/v7-m/crtn.o
                0x00082168                . = ALIGN (0x4)
                0x00082168                __fini_array_start = .
 *(.fini_array)
 .fini_array    0x00082168        0x4 c:/program files (x86)/atmel/studio/7.0/toolchain/arm/arm-gnu-toolchain/bin/../lib/gcc/arm-none-eabi/6.3.1/thumb/v7-m/crtbegin.o
 *(SORT(.fini_array.*))
                0x0008216c                __fini_array_end = .
 *crtbegin.o(.dtors)
 *(EXCLUDE_FILE(*crtend.o) .dtors)
 *(SORT(.dtors.*))
 *crtend.o(.dtors)
                0x0008216c                . = ALIGN (0x4)
                0x0008216c                _efixed = .
                [!provide]                PROVIDE (__exidx_start, .)

.vfp11_veneer   0x0008216c        0x0
 .vfp11_veneer  0x0008216c        0x0 linker stubs

.v4_bx          0x0008216c        0x0
 .v4_bx         0x0008216c        0x0 linker stubs

.iplt           0x0008216c        0x0
 .iplt          0x0008216c        0x0 c:/program files (x86)/atmel/studio/7.0/toolchain/arm/arm-gnu-toolchain/bin/../lib/gcc/arm-none-eabi/6.3.1/thumb/v7-m/crtbegin.o

.eh_frame       0x0008216c        0x0
 .eh_frame      0x0008216c        0x0 c:/program files (x86)/atmel/studio/7.0/toolchain/arm/arm-gnu-toolchain/bin/../lib/gcc/arm-none-eabi/6.3.1/thumb/v7-m/crtbegin.o

.rel.dyn        0x0008216c        0x0
 .rel.iplt      0x0008216c        0x0 c:/program files (x86)/atmel/studio/7.0/toolchain/arm/arm-gnu-toolchain/bin/../lib/gcc/arm-none-eabi/6.3.1/thumb/v7-m/crtbegin.o

.jcr            0x0008216c        0x0
 .jcr           0x0008216c        0x0 c:/program files (x86)/atmel/studio/7.0/toolchain/arm/arm-gnu-toolchain/bin/../lib/gcc/arm-none-eabi/6.3.1/thumb/v7-m/crtbegin.o

.igot.plt       0x0008216c        0x0
 .igot.plt      0x0008216c        0x0 c:/program files (x86)/atmel/studio/7.0/toolchain/arm/arm-gnu-toolchain/bin/../lib/gcc/arm-none-eabi/6.3.1/thumb/v7-m/crtbegin.o

.ARM.exidx
 *(.ARM.exidx* .gnu.linkonce.armexidx.*)
                [!provide]                PROVIDE (__exidx_end, .)
                0x0008216c                . = ALIGN (0x4)
                0x0008216c                _etext = .

.relocate       0x20000000      0x434 load address 0x0008216c
                0x20000000                . = ALIGN (0x4)
                0x20000000                _srelocate = .
 *(.ramfunc .ramfunc.*)
 *(.data .data.*)
 .data          0x20000000        0x4 Device_Startup/system_sam3xa.o
                0x20000000                SystemCoreClock
 *fill*         0x20000004        0x4 
 .data.impure_data
                0x20000008      0x428 c:/program files (x86)/atmel/studio/7.0/toolchain/arm/arm-gnu-toolchain/bin/../lib/gcc/arm-none-eabi/6.3.1/../../../../arm-none-eabi/lib/thumb/v7-m\libc.a(lib_a-impure.o)
 .data.__atexit_recursive_mutex
                0x20000430        0x4 c:/program files (x86)/atmel/studio/7.0/toolchain/arm/arm-gnu-toolchain/bin/../lib/gcc/arm-none-eabi/6.3.1/../../../../arm-none-eabi/lib/thumb/v7-m\libc.a(lib_a-__call_atexit.o)
                0x20000430                __atexit_recursive_mutex
                0x20000434                . = ALIGN (0x4)
                0x20000434                _erelocate = .

.bss            0x20000434       0xc0 load address 0x000825a0
                0x20000434                . = ALIGN (0x4)
                0x20000434                _sbss = .
                0x20000434                _szero = .
 *(.bss .bss.*)
 .bss           0x20000434       0x1c c:/program files (x86)/atmel/studio/7.0/toolchain/arm/arm-gnu-toolchain/bin/../lib/gcc/arm-none-eabi/6.3.1/thumb/v7-m/crtbegin.o
 .bss           0x20000450        0xa Timer.o
                0x20000458                status
 *(COMMON)
 *fill*         0x2000045a        0x2 
 COMMON         0x2000045c       0x30 can_interrupt.o
                0x2000045c                reg_parameters
                0x2000047c                start_game
                0x20000480                received_joystick_data
 COMMON         0x2000048c       0x42 uart.o
                0x2000048c                rx_buffer
 *fill*         0x200004ce        0x2 
 COMMON         0x200004d0       0x21 c:/program files (x86)/atmel/studio/7.0/toolchain/arm/arm-gnu-toolchain/bin/../lib/gcc/arm-none-eabi/6.3.1/../../../../arm-none-eabi/lib/thumb/v7-m\libc.a(lib_a-lock.o)
                0x200004d0                __lock___atexit_recursive_mutex
                0x200004d4                __lock___arc4random_mutex
                0x200004d8                __lock___env_recursive_mutex
                0x200004dc                __lock___sinit_recursive_mutex
                0x200004e0                __lock___malloc_recursive_mutex
                0x200004e4                __lock___at_quick_exit_mutex
                0x200004e8                __lock___dd_hash_mutex
                0x200004ec                __lock___tz_mutex
                0x200004f0                __lock___sfp_recursive_mutex
                0x200004f4                . = ALIGN (0x4)
 *fill*         0x200004f1        0x3 
                0x200004f4                _ebss = .
                0x200004f4                _ezero = .

.stack          0x200004f4      0x404 load address 0x00082660
                0x200004f8                . = ALIGN (0x8)
 *fill*         0x200004f4        0x4 
                0x200004f8                _sstack = .
                0x200008f8                . = (. + STACK_SIZE)
 *fill*         0x200004f8      0x400 
                0x200008f8                . = ALIGN (0x8)
                0x200008f8                _estack = .

.heap           0x200008f8      0x200 load address 0x00082a64
                0x200008f8                . = ALIGN (0x8)
                0x200008f8                _sheap = .
                0x20000af8                . = (. + HEAP_SIZE)
 *fill*         0x200008f8      0x200 
                0x20000af8                . = ALIGN (0x8)
                0x20000af8                _eheap = .
                0x20000af8                . = ALIGN (0x4)
                0x20000af8                _end = .
                0x20017fff                _ram_end_ = ((ORIGIN (ram) + LENGTH (ram)) - 0x1)
OUTPUT(Node2.elf elf32-littlearm)

.ARM.attributes
                0x00000000       0x29
 .ARM.attributes
                0x00000000       0x1d c:/program files (x86)/atmel/studio/7.0/toolchain/arm/arm-gnu-toolchain/bin/../lib/gcc/arm-none-eabi/6.3.1/thumb/v7-m/crti.o
 .ARM.attributes
                0x0000001d       0x2d c:/program files (x86)/atmel/studio/7.0/toolchain/arm/arm-gnu-toolchain/bin/../lib/gcc/arm-none-eabi/6.3.1/thumb/v7-m/crtbegin.o
 .ARM.attributes
                0x0000004a       0x33 can_controller.o
 .ARM.attributes
                0x0000007d       0x33 can_interrupt.o
 .ARM.attributes
                0x000000b0       0x33 Device_Startup/startup_sam3xa.o
 .ARM.attributes
                0x000000e3       0x33 Device_Startup/system_sam3xa.o
 .ARM.attributes
                0x00000116       0x33 ADC.o
 .ARM.attributes
                0x00000149       0x33 main.o
 .ARM.attributes
                0x0000017c       0x33 motor_controller.o
 .ARM.attributes
                0x000001af       0x33 motor_interface.o
 .ARM.attributes
                0x000001e2       0x33 printf-stdarg.o
 .ARM.attributes
                0x00000215       0x33 Timer.o
 .ARM.attributes
                0x00000248       0x33 servo_ctrl.o
 .ARM.attributes
                0x0000027b       0x33 uart.o
 .ARM.attributes
                0x000002ae       0x1d c:/program files (x86)/atmel/studio/7.0/toolchain/arm/arm-gnu-toolchain/bin/../lib/gcc/arm-none-eabi/6.3.1/thumb/v7-m\libgcc.a(_arm_addsubdf3.o)
 .ARM.attributes
                0x000002cb       0x1d c:/program files (x86)/atmel/studio/7.0/toolchain/arm/arm-gnu-toolchain/bin/../lib/gcc/arm-none-eabi/6.3.1/thumb/v7-m\libgcc.a(_arm_muldivdf3.o)
 .ARM.attributes
                0x000002e8       0x1d c:/program files (x86)/atmel/studio/7.0/toolchain/arm/arm-gnu-toolchain/bin/../lib/gcc/arm-none-eabi/6.3.1/thumb/v7-m\libgcc.a(_arm_cmpdf2.o)
 .ARM.attributes
                0x00000305       0x1d c:/program files (x86)/atmel/studio/7.0/toolchain/arm/arm-gnu-toolchain/bin/../lib/gcc/arm-none-eabi/6.3.1/thumb/v7-m\libgcc.a(_arm_fixdfsi.o)
 .ARM.attributes
                0x00000322       0x1d c:/program files (x86)/atmel/studio/7.0/toolchain/arm/arm-gnu-toolchain/bin/../lib/gcc/arm-none-eabi/6.3.1/thumb/v7-m\libgcc.a(_arm_truncdfsf2.o)
 .ARM.attributes
                0x0000033f       0x1d c:/program files (x86)/atmel/studio/7.0/toolchain/arm/arm-gnu-toolchain/bin/../lib/gcc/arm-none-eabi/6.3.1/thumb/v7-m\libgcc.a(_arm_addsubsf3.o)
 .ARM.attributes
                0x0000035c       0x1d c:/program files (x86)/atmel/studio/7.0/toolchain/arm/arm-gnu-toolchain/bin/../lib/gcc/arm-none-eabi/6.3.1/thumb/v7-m\libgcc.a(_arm_muldivsf3.o)
 .ARM.attributes
                0x00000379       0x1d c:/program files (x86)/atmel/studio/7.0/toolchain/arm/arm-gnu-toolchain/bin/../lib/gcc/arm-none-eabi/6.3.1/thumb/v7-m\libgcc.a(_arm_cmpsf2.o)
 .ARM.attributes
                0x00000396       0x1d c:/program files (x86)/atmel/studio/7.0/toolchain/arm/arm-gnu-toolchain/bin/../lib/gcc/arm-none-eabi/6.3.1/thumb/v7-m\libgcc.a(_arm_fixsfsi.o)
 .ARM.attributes
                0x000003b3       0x1d c:/program files (x86)/atmel/studio/7.0/toolchain/arm/arm-gnu-toolchain/bin/../lib/gcc/arm-none-eabi/6.3.1/thumb/v7-m\libgcc.a(_arm_fixunssfsi.o)
 .ARM.attributes
                0x000003d0       0x2d c:/program files (x86)/atmel/studio/7.0/toolchain/arm/arm-gnu-toolchain/bin/../lib/gcc/arm-none-eabi/6.3.1/../../../../arm-none-eabi/lib/thumb/v7-m\libc.a(lib_a-impure.o)
 .ARM.attributes
                0x000003fd       0x2d c:/program files (x86)/atmel/studio/7.0/toolchain/arm/arm-gnu-toolchain/bin/../lib/gcc/arm-none-eabi/6.3.1/../../../../arm-none-eabi/lib/thumb/v7-m\libc.a(lib_a-init.o)
 .ARM.attributes
                0x0000042a       0x2d c:/program files (x86)/atmel/studio/7.0/toolchain/arm/arm-gnu-toolchain/bin/../lib/gcc/arm-none-eabi/6.3.1/../../../../arm-none-eabi/lib/thumb/v7-m\libc.a(lib_a-__call_atexit.o)
 .ARM.attributes
                0x00000457       0x2d c:/program files (x86)/atmel/studio/7.0/toolchain/arm/arm-gnu-toolchain/bin/../lib/gcc/arm-none-eabi/6.3.1/../../../../arm-none-eabi/lib/thumb/v7-m\libc.a(lib_a-atexit.o)
 .ARM.attributes
                0x00000484       0x2d c:/program files (x86)/atmel/studio/7.0/toolchain/arm/arm-gnu-toolchain/bin/../lib/gcc/arm-none-eabi/6.3.1/../../../../arm-none-eabi/lib/thumb/v7-m\libc.a(lib_a-fini.o)
 .ARM.attributes
                0x000004b1       0x2d c:/program files (x86)/atmel/studio/7.0/toolchain/arm/arm-gnu-toolchain/bin/../lib/gcc/arm-none-eabi/6.3.1/../../../../arm-none-eabi/lib/thumb/v7-m\libc.a(lib_a-lock.o)
 .ARM.attributes
                0x000004de       0x2d c:/program files (x86)/atmel/studio/7.0/toolchain/arm/arm-gnu-toolchain/bin/../lib/gcc/arm-none-eabi/6.3.1/../../../../arm-none-eabi/lib/thumb/v7-m\libc.a(lib_a-__atexit.o)
 .ARM.attributes
                0x0000050b       0x1d c:/program files (x86)/atmel/studio/7.0/toolchain/arm/arm-gnu-toolchain/bin/../lib/gcc/arm-none-eabi/6.3.1/thumb/v7-m/crtn.o

.comment        0x00000000       0x59
 .comment       0x00000000       0x59 can_controller.o
                                 0x5a (size before relaxing)
 .comment       0x00000059       0x5a can_interrupt.o
 .comment       0x00000059       0x5a Device_Startup/startup_sam3xa.o
 .comment       0x00000059       0x5a Device_Startup/system_sam3xa.o
 .comment       0x00000059       0x5a ADC.o
 .comment       0x00000059       0x5a main.o
 .comment       0x00000059       0x5a motor_controller.o
 .comment       0x00000059       0x5a motor_interface.o
 .comment       0x00000059       0x5a printf-stdarg.o
 .comment       0x00000059       0x5a Timer.o
 .comment       0x00000059       0x5a servo_ctrl.o
 .comment       0x00000059       0x5a uart.o

.debug_info     0x00000000     0x808c
 .debug_info    0x00000000      0xd68 can_controller.o
 .debug_info    0x00000d68     0x10bc can_interrupt.o
 .debug_info    0x00001e24      0x74e Device_Startup/startup_sam3xa.o
 .debug_info    0x00002572      0x444 Device_Startup/system_sam3xa.o
 .debug_info    0x000029b6      0x3fa ADC.o
 .debug_info    0x00002db0      0xdbd main.o
 .debug_info    0x00003b6d      0xc6a motor_controller.o
 .debug_info    0x000047d7      0x5ae motor_interface.o
 .debug_info    0x00004d85      0x65f printf-stdarg.o
 .debug_info    0x000053e4     0x10df Timer.o
 .debug_info    0x000064c3      0xf7e servo_ctrl.o
 .debug_info    0x00007441      0xc4b uart.o

.debug_abbrev   0x00000000     0x1864
 .debug_abbrev  0x00000000      0x212 can_controller.o
 .debug_abbrev  0x00000212      0x2bd can_interrupt.o
 .debug_abbrev  0x000004cf      0x153 Device_Startup/startup_sam3xa.o
 .debug_abbrev  0x00000622      0x102 Device_Startup/system_sam3xa.o
 .debug_abbrev  0x00000724       0xf9 ADC.o
 .debug_abbrev  0x0000081d      0x238 main.o
 .debug_abbrev  0x00000a55      0x250 motor_controller.o
 .debug_abbrev  0x00000ca5      0x22c motor_interface.o
 .debug_abbrev  0x00000ed1      0x1e6 printf-stdarg.o
 .debug_abbrev  0x000010b7      0x303 Timer.o
 .debug_abbrev  0x000013ba      0x26f servo_ctrl.o
 .debug_abbrev  0x00001629      0x23b uart.o

.debug_loc      0x00000000     0x1456
 .debug_loc     0x00000000      0x2d8 can_controller.o
 .debug_loc     0x000002d8       0x78 can_interrupt.o
 .debug_loc     0x00000350       0x6b Device_Startup/startup_sam3xa.o
 .debug_loc     0x000003bb       0x13 ADC.o
 .debug_loc     0x000003ce       0x2c main.o
 .debug_loc     0x000003fa       0xc8 motor_controller.o
 .debug_loc     0x000004c2      0x186 motor_interface.o
 .debug_loc     0x00000648      0xb0a printf-stdarg.o
 .debug_loc     0x00001152       0x48 Timer.o
 .debug_loc     0x0000119a      0x1ee servo_ctrl.o
 .debug_loc     0x00001388       0xce uart.o

.debug_aranges  0x00000000      0x288
 .debug_aranges
                0x00000000       0x38 can_controller.o
 .debug_aranges
                0x00000038       0x20 can_interrupt.o
 .debug_aranges
                0x00000058       0x28 Device_Startup/startup_sam3xa.o
 .debug_aranges
                0x00000080       0x30 Device_Startup/system_sam3xa.o
 .debug_aranges
                0x000000b0       0x30 ADC.o
 .debug_aranges
                0x000000e0       0x20 main.o
 .debug_aranges
                0x00000100       0x30 motor_controller.o
 .debug_aranges
                0x00000130       0x58 motor_interface.o
 .debug_aranges
                0x00000188       0x48 printf-stdarg.o
 .debug_aranges
                0x000001d0       0x40 Timer.o
 .debug_aranges
                0x00000210       0x40 servo_ctrl.o
 .debug_aranges
                0x00000250       0x38 uart.o

.debug_ranges   0x00000000      0x210
 .debug_ranges  0x00000000       0x28 can_controller.o
 .debug_ranges  0x00000028       0x28 can_interrupt.o
 .debug_ranges  0x00000050       0x18 Device_Startup/startup_sam3xa.o
 .debug_ranges  0x00000068       0x20 Device_Startup/system_sam3xa.o
 .debug_ranges  0x00000088       0x20 ADC.o
 .debug_ranges  0x000000a8       0x10 main.o
 .debug_ranges  0x000000b8       0x20 motor_controller.o
 .debug_ranges  0x000000d8       0x48 motor_interface.o
 .debug_ranges  0x00000120       0x68 printf-stdarg.o
 .debug_ranges  0x00000188       0x30 Timer.o
 .debug_ranges  0x000001b8       0x30 servo_ctrl.o
 .debug_ranges  0x000001e8       0x28 uart.o

.debug_macro    0x00000000    0x1382a
 .debug_macro   0x00000000      0x37f can_controller.o
 .debug_macro   0x0000037f      0x8b0 can_controller.o
 .debug_macro   0x00000c2f       0x22 can_controller.o
 .debug_macro   0x00000c51       0x87 can_controller.o
 .debug_macro   0x00000cd8       0x51 can_controller.o
 .debug_macro   0x00000d29       0xef can_controller.o
 .debug_macro   0x00000e18       0x6a can_controller.o
 .debug_macro   0x00000e82      0x1df can_controller.o
 .debug_macro   0x00001061       0x26 can_controller.o
 .debug_macro   0x00001087       0x1c can_controller.o
 .debug_macro   0x000010a3       0x22 can_controller.o
 .debug_macro   0x000010c5       0xc3 can_controller.o
 .debug_macro   0x00001188      0xe49 can_controller.o
 .debug_macro   0x00001fd1      0x11f can_controller.o
 .debug_macro   0x000020f0      0xa7d can_controller.o
 .debug_macro   0x00002b6d      0x55a can_controller.o
 .debug_macro   0x000030c7      0x1a8 can_controller.o
 .debug_macro   0x0000326f      0x30b can_controller.o
 .debug_macro   0x0000357a      0x709 can_controller.o
 .debug_macro   0x00003c83       0xd6 can_controller.o
 .debug_macro   0x00003d59      0x56c can_controller.o
 .debug_macro   0x000042c5       0x1c can_controller.o
 .debug_macro   0x000042e1      0x678 can_controller.o
 .debug_macro   0x00004959      0x51e can_controller.o
 .debug_macro   0x00004e77       0xbe can_controller.o
 .debug_macro   0x00004f35     0x2333 can_controller.o
 .debug_macro   0x00007268      0x7d1 can_controller.o
 .debug_macro   0x00007a39      0xdbb can_controller.o
 .debug_macro   0x000087f4       0x9a can_controller.o
 .debug_macro   0x0000888e      0x29c can_controller.o
 .debug_macro   0x00008b2a       0x58 can_controller.o
 .debug_macro   0x00008b82      0x999 can_controller.o
 .debug_macro   0x0000951b      0x22d can_controller.o
 .debug_macro   0x00009748      0x4b4 can_controller.o
 .debug_macro   0x00009bfc      0x64a can_controller.o
 .debug_macro   0x0000a246      0x590 can_controller.o
 .debug_macro   0x0000a7d6       0x46 can_controller.o
 .debug_macro   0x0000a81c      0x33f can_controller.o
 .debug_macro   0x0000ab5b      0x27e can_controller.o
 .debug_macro   0x0000add9     0x14dc can_controller.o
 .debug_macro   0x0000c2b5      0x7cf can_controller.o
 .debug_macro   0x0000ca84       0x76 can_controller.o
 .debug_macro   0x0000cafa       0x82 can_controller.o
 .debug_macro   0x0000cb7c       0x76 can_controller.o
 .debug_macro   0x0000cbf2       0x4c can_controller.o
 .debug_macro   0x0000cc3e      0x100 can_controller.o
 .debug_macro   0x0000cd3e      0x100 can_controller.o
 .debug_macro   0x0000ce3e      0x100 can_controller.o
 .debug_macro   0x0000cf3e       0x88 can_controller.o
 .debug_macro   0x0000cfc6       0x88 can_controller.o
 .debug_macro   0x0000d04e      0x3b4 can_controller.o
 .debug_macro   0x0000d402       0xbe can_controller.o
 .debug_macro   0x0000d4c0       0xbe can_controller.o
 .debug_macro   0x0000d57e       0xbe can_controller.o
 .debug_macro   0x0000d63c       0xbe can_controller.o
 .debug_macro   0x0000d6fa      0x2b8 can_controller.o
 .debug_macro   0x0000d9b2      0x118 can_controller.o
 .debug_macro   0x0000daca      0x216 can_controller.o
 .debug_macro   0x0000dce0      0x216 can_controller.o
 .debug_macro   0x0000def6       0x2e can_controller.o
 .debug_macro   0x0000df24       0xac can_controller.o
 .debug_macro   0x0000dfd0      0x13e can_controller.o
 .debug_macro   0x0000e10e       0x7c can_controller.o
 .debug_macro   0x0000e18a      0x1f6 can_controller.o
 .debug_macro   0x0000e380       0x64 can_controller.o
 .debug_macro   0x0000e3e4       0xa6 can_controller.o
 .debug_macro   0x0000e48a       0x7c can_controller.o
 .debug_macro   0x0000e506       0x16 can_controller.o
 .debug_macro   0x0000e51c       0x22 can_controller.o
 .debug_macro   0x0000e53e       0x22 can_controller.o
 .debug_macro   0x0000e560      0x10c can_controller.o
 .debug_macro   0x0000e66c      0x10c can_controller.o
 .debug_macro   0x0000e778      0x10c can_controller.o
 .debug_macro   0x0000e884      0x10c can_controller.o
 .debug_macro   0x0000e990       0x1c can_controller.o
 .debug_macro   0x0000e9ac       0x2e can_controller.o
 .debug_macro   0x0000e9da       0x22 can_controller.o
 .debug_macro   0x0000e9fc       0x1c can_controller.o
 .debug_macro   0x0000ea18       0x58 can_controller.o
 .debug_macro   0x0000ea70       0x10 can_controller.o
 .debug_macro   0x0000ea80      0x27a can_controller.o
 .debug_macro   0x0000ecfa      0xd34 can_controller.o
 .debug_macro   0x0000fa2e      0x170 can_controller.o
 .debug_macro   0x0000fb9e      0x4fb can_interrupt.o
 .debug_macro   0x00010099       0x52 can_interrupt.o
 .debug_macro   0x000100eb       0x8d can_interrupt.o
 .debug_macro   0x00010178       0x35 can_interrupt.o
 .debug_macro   0x000101ad       0x9c can_interrupt.o
 .debug_macro   0x00010249       0x16 can_interrupt.o
 .debug_macro   0x0001025f       0x57 can_interrupt.o
 .debug_macro   0x000102b6       0x97 can_interrupt.o
 .debug_macro   0x0001034d      0x353 can_interrupt.o
 .debug_macro   0x000106a0       0xf6 can_interrupt.o
 .debug_macro   0x00010796       0x10 can_interrupt.o
 .debug_macro   0x000107a6       0x58 can_interrupt.o
 .debug_macro   0x000107fe       0x1f can_interrupt.o
 .debug_macro   0x0001081d       0x43 can_interrupt.o
 .debug_macro   0x00010860       0x20 can_interrupt.o
 .debug_macro   0x00010880      0x187 can_interrupt.o
 .debug_macro   0x00010a07       0x10 can_interrupt.o
 .debug_macro   0x00010a17       0x1c can_interrupt.o
 .debug_macro   0x00010a33       0x52 can_interrupt.o
 .debug_macro   0x00010a85       0x40 can_interrupt.o
 .debug_macro   0x00010ac5       0x10 can_interrupt.o
 .debug_macro   0x00010ad5       0x40 can_interrupt.o
 .debug_macro   0x00010b15       0xd7 can_interrupt.o
 .debug_macro   0x00010bec       0x16 can_interrupt.o
 .debug_macro   0x00010c02      0x18b can_interrupt.o
 .debug_macro   0x00010d8d       0x20 can_interrupt.o
 .debug_macro   0x00010dad       0xbd can_interrupt.o
 .debug_macro   0x00010e6a      0x371 Device_Startup/startup_sam3xa.o
 .debug_macro   0x000111db      0x383 Device_Startup/system_sam3xa.o
 .debug_macro   0x0001155e      0x37b ADC.o
 .debug_macro   0x000118d9      0x522 main.o
 .debug_macro   0x00011dfb       0x10 main.o
 .debug_macro   0x00011e0b       0x58 main.o
 .debug_macro   0x00011e63      0x34d main.o
 .debug_macro   0x000121b0      0x4d7 motor_controller.o
 .debug_macro   0x00012687      0x37b motor_interface.o
 .debug_macro   0x00012a02       0x8e printf-stdarg.o
 .debug_macro   0x00012a90       0x58 printf-stdarg.o
 .debug_macro   0x00012ae8      0x4f1 Timer.o
 .debug_macro   0x00012fd9      0x4dd servo_ctrl.o
 .debug_macro   0x000134b6      0x374 uart.o

.debug_line     0x00000000     0x5bfe
 .debug_line    0x00000000      0x7d5 can_controller.o
 .debug_line    0x000007d5      0x8ba can_interrupt.o
 .debug_line    0x0000108f      0x725 Device_Startup/startup_sam3xa.o
 .debug_line    0x000017b4      0x79b Device_Startup/system_sam3xa.o
 .debug_line    0x00001f4f      0x717 ADC.o
 .debug_line    0x00002666      0x8c3 main.o
 .debug_line    0x00002f29      0x886 motor_controller.o
 .debug_line    0x000037af      0x7b5 motor_interface.o
 .debug_line    0x00003f64      0x3bd printf-stdarg.o
 .debug_line    0x00004321      0x8c0 Timer.o
 .debug_line    0x00004be1      0x8b1 servo_ctrl.o
 .debug_line    0x00005492      0x76c uart.o

.debug_str      0x00000000    0x55546
 .debug_str     0x00000000    0x5052c can_controller.o
                              0x50701 (size before relaxing)
 .debug_str     0x0005052c     0x420b can_interrupt.o
                              0x54623 (size before relaxing)
 .debug_str     0x00054737      0x506 Device_Startup/startup_sam3xa.o
                              0x504d4 (size before relaxing)
 .debug_str     0x00054c3d      0x195 Device_Startup/system_sam3xa.o
                              0x50267 (size before relaxing)
 .debug_str     0x00054dd2      0x110 ADC.o
                              0x50103 (size before relaxing)
 .debug_str     0x00054ee2      0x15a main.o
                              0x543e3 (size before relaxing)
 .debug_str     0x0005503c       0xa1 motor_controller.o
                              0x542ab (size before relaxing)
 .debug_str     0x000550dd       0xe3 motor_interface.o
                              0x50259 (size before relaxing)
 .debug_str     0x000551c0      0x174 printf-stdarg.o
                               0x365a (size before relaxing)
 .debug_str     0x00055334       0xb1 Timer.o
                              0x545e8 (size before relaxing)
 .debug_str     0x000553e5       0x5e servo_ctrl.o
                              0x54406 (size before relaxing)
 .debug_str     0x00055443      0x103 uart.o
                              0x506b1 (size before relaxing)

.debug_frame    0x00000000      0xa54
 .debug_frame   0x00000000       0x78 can_controller.o
 .debug_frame   0x00000078       0x30 can_interrupt.o
 .debug_frame   0x000000a8       0x38 Device_Startup/startup_sam3xa.o
 .debug_frame   0x000000e0       0x40 Device_Startup/system_sam3xa.o
 .debug_frame   0x00000120       0x40 ADC.o
 .debug_frame   0x00000160       0x30 main.o
 .debug_frame   0x00000190       0x5c motor_controller.o
 .debug_frame   0x000001ec       0xac motor_interface.o
 .debug_frame   0x00000298      0x118 printf-stdarg.o
 .debug_frame   0x000003b0       0x68 Timer.o
 .debug_frame   0x00000418       0x88 servo_ctrl.o
 .debug_frame   0x000004a0       0x58 uart.o
 .debug_frame   0x000004f8       0xac c:/program files (x86)/atmel/studio/7.0/toolchain/arm/arm-gnu-toolchain/bin/../lib/gcc/arm-none-eabi/6.3.1/thumb/v7-m\libgcc.a(_arm_addsubdf3.o)
 .debug_frame   0x000005a4       0x50 c:/program files (x86)/atmel/studio/7.0/toolchain/arm/arm-gnu-toolchain/bin/../lib/gcc/arm-none-eabi/6.3.1/thumb/v7-m\libgcc.a(_arm_muldivdf3.o)
 .debug_frame   0x000005f4       0xc4 c:/program files (x86)/atmel/studio/7.0/toolchain/arm/arm-gnu-toolchain/bin/../lib/gcc/arm-none-eabi/6.3.1/thumb/v7-m\libgcc.a(_arm_cmpdf2.o)
 .debug_frame   0x000006b8       0x24 c:/program files (x86)/atmel/studio/7.0/toolchain/arm/arm-gnu-toolchain/bin/../lib/gcc/arm-none-eabi/6.3.1/thumb/v7-m\libgcc.a(_arm_fixdfsi.o)
 .debug_frame   0x000006dc       0x24 c:/program files (x86)/atmel/studio/7.0/toolchain/arm/arm-gnu-toolchain/bin/../lib/gcc/arm-none-eabi/6.3.1/thumb/v7-m\libgcc.a(_arm_truncdfsf2.o)
 .debug_frame   0x00000700       0x4c c:/program files (x86)/atmel/studio/7.0/toolchain/arm/arm-gnu-toolchain/bin/../lib/gcc/arm-none-eabi/6.3.1/thumb/v7-m\libgcc.a(_arm_addsubsf3.o)
 .debug_frame   0x0000074c       0x38 c:/program files (x86)/atmel/studio/7.0/toolchain/arm/arm-gnu-toolchain/bin/../lib/gcc/arm-none-eabi/6.3.1/thumb/v7-m\libgcc.a(_arm_muldivsf3.o)
 .debug_frame   0x00000784       0xc8 c:/program files (x86)/atmel/studio/7.0/toolchain/arm/arm-gnu-toolchain/bin/../lib/gcc/arm-none-eabi/6.3.1/thumb/v7-m\libgcc.a(_arm_cmpsf2.o)
 .debug_frame   0x0000084c       0x24 c:/program files (x86)/atmel/studio/7.0/toolchain/arm/arm-gnu-toolchain/bin/../lib/gcc/arm-none-eabi/6.3.1/thumb/v7-m\libgcc.a(_arm_fixsfsi.o)
 .debug_frame   0x00000870       0x24 c:/program files (x86)/atmel/studio/7.0/toolchain/arm/arm-gnu-toolchain/bin/../lib/gcc/arm-none-eabi/6.3.1/thumb/v7-m\libgcc.a(_arm_fixunssfsi.o)
 .debug_frame   0x00000894       0x2c c:/program files (x86)/atmel/studio/7.0/toolchain/arm/arm-gnu-toolchain/bin/../lib/gcc/arm-none-eabi/6.3.1/../../../../arm-none-eabi/lib/thumb/v7-m\libc.a(lib_a-init.o)
 .debug_frame   0x000008c0       0x5c c:/program files (x86)/atmel/studio/7.0/toolchain/arm/arm-gnu-toolchain/bin/../lib/gcc/arm-none-eabi/6.3.1/../../../../arm-none-eabi/lib/thumb/v7-m\libc.a(lib_a-__call_atexit.o)
 .debug_frame   0x0000091c       0x20 c:/program files (x86)/atmel/studio/7.0/toolchain/arm/arm-gnu-toolchain/bin/../lib/gcc/arm-none-eabi/6.3.1/../../../../arm-none-eabi/lib/thumb/v7-m\libc.a(lib_a-atexit.o)
 .debug_frame   0x0000093c       0x34 c:/program files (x86)/atmel/studio/7.0/toolchain/arm/arm-gnu-toolchain/bin/../lib/gcc/arm-none-eabi/6.3.1/../../../../arm-none-eabi/lib/thumb/v7-m\libc.a(lib_a-fini.o)
 .debug_frame   0x00000970       0xb0 c:/program files (x86)/atmel/studio/7.0/toolchain/arm/arm-gnu-toolchain/bin/../lib/gcc/arm-none-eabi/6.3.1/../../../../arm-none-eabi/lib/thumb/v7-m\libc.a(lib_a-lock.o)
 .debug_frame   0x00000a20       0x34 c:/program files (x86)/atmel/studio/7.0/toolchain/arm/arm-gnu-toolchain/bin/../lib/gcc/arm-none-eabi/6.3.1/../../../../arm-none-eabi/lib/thumb/v7-m\libc.a(lib_a-__atexit.o)
