Archive member included to satisfy reference by file (symbol)

c:/program files (x86)/atmel/studio/7.0/toolchain/avr8/avr8-gnu-toolchain/bin/../lib/gcc/avr/5.4.0/../../../../avr/lib/avr5\libm.a(addsf3.o)
                              pos_read.o (__subsf3)
c:/program files (x86)/atmel/studio/7.0/toolchain/avr8/avr8-gnu-toolchain/bin/../lib/gcc/avr/5.4.0/../../../../avr/lib/avr5\libm.a(addsf3x.o)
                              c:/program files (x86)/atmel/studio/7.0/toolchain/avr8/avr8-gnu-toolchain/bin/../lib/gcc/avr/5.4.0/../../../../avr/lib/avr5\libm.a(addsf3.o) (__addsf3x)
c:/program files (x86)/atmel/studio/7.0/toolchain/avr8/avr8-gnu-toolchain/bin/../lib/gcc/avr/5.4.0/../../../../avr/lib/avr5\libm.a(atan2.o)
                              pos_read.o (atan2)
c:/program files (x86)/atmel/studio/7.0/toolchain/avr8/avr8-gnu-toolchain/bin/../lib/gcc/avr/5.4.0/../../../../avr/lib/avr5\libm.a(atan.o)
                              c:/program files (x86)/atmel/studio/7.0/toolchain/avr8/avr8-gnu-toolchain/bin/../lib/gcc/avr/5.4.0/../../../../avr/lib/avr5\libm.a(atan2.o) (atan)
c:/program files (x86)/atmel/studio/7.0/toolchain/avr8/avr8-gnu-toolchain/bin/../lib/gcc/avr/5.4.0/../../../../avr/lib/avr5\libm.a(cmpsf2.o)
                              pos_read.o (__lesf2)
c:/program files (x86)/atmel/studio/7.0/toolchain/avr8/avr8-gnu-toolchain/bin/../lib/gcc/avr/5.4.0/../../../../avr/lib/avr5\libm.a(divsf3.o)
                              pos_read.o (__divsf3)
c:/program files (x86)/atmel/studio/7.0/toolchain/avr8/avr8-gnu-toolchain/bin/../lib/gcc/avr/5.4.0/../../../../avr/lib/avr5\libm.a(divsf3x.o)
                              c:/program files (x86)/atmel/studio/7.0/toolchain/avr8/avr8-gnu-toolchain/bin/../lib/gcc/avr/5.4.0/../../../../avr/lib/avr5\libm.a(divsf3.o) (__divsf3x)
c:/program files (x86)/atmel/studio/7.0/toolchain/avr8/avr8-gnu-toolchain/bin/../lib/gcc/avr/5.4.0/../../../../avr/lib/avr5\libm.a(fixsfsi.o)
                              pos_read.o (__fixsfsi)
c:/program files (x86)/atmel/studio/7.0/toolchain/avr8/avr8-gnu-toolchain/bin/../lib/gcc/avr/5.4.0/../../../../avr/lib/avr5\libm.a(fixunssfsi.o)
                              c:/program files (x86)/atmel/studio/7.0/toolchain/avr8/avr8-gnu-toolchain/bin/../lib/gcc/avr/5.4.0/../../../../avr/lib/avr5\libm.a(fixsfsi.o) (__fixunssfsi)
c:/program files (x86)/atmel/studio/7.0/toolchain/avr8/avr8-gnu-toolchain/bin/../lib/gcc/avr/5.4.0/../../../../avr/lib/avr5\libm.a(floatsisf.o)
                              pos_read.o (__floatsisf)
c:/program files (x86)/atmel/studio/7.0/toolchain/avr8/avr8-gnu-toolchain/bin/../lib/gcc/avr/5.4.0/../../../../avr/lib/avr5\libm.a(fp_cmp.o)
                              c:/program files (x86)/atmel/studio/7.0/toolchain/avr8/avr8-gnu-toolchain/bin/../lib/gcc/avr/5.4.0/../../../../avr/lib/avr5\libm.a(cmpsf2.o) (__fp_cmp)
c:/program files (x86)/atmel/studio/7.0/toolchain/avr8/avr8-gnu-toolchain/bin/../lib/gcc/avr/5.4.0/../../../../avr/lib/avr5\libm.a(fp_inf.o)
                              c:/program files (x86)/atmel/studio/7.0/toolchain/avr8/avr8-gnu-toolchain/bin/../lib/gcc/avr/5.4.0/../../../../avr/lib/avr5\libm.a(addsf3x.o) (__fp_inf)
c:/program files (x86)/atmel/studio/7.0/toolchain/avr8/avr8-gnu-toolchain/bin/../lib/gcc/avr/5.4.0/../../../../avr/lib/avr5\libm.a(fp_nan.o)
                              c:/program files (x86)/atmel/studio/7.0/toolchain/avr8/avr8-gnu-toolchain/bin/../lib/gcc/avr/5.4.0/../../../../avr/lib/avr5\libm.a(addsf3x.o) (__fp_nan)
c:/program files (x86)/atmel/studio/7.0/toolchain/avr8/avr8-gnu-toolchain/bin/../lib/gcc/avr/5.4.0/../../../../avr/lib/avr5\libm.a(fp_powser.o)
                              c:/program files (x86)/atmel/studio/7.0/toolchain/avr8/avr8-gnu-toolchain/bin/../lib/gcc/avr/5.4.0/../../../../avr/lib/avr5\libm.a(atan.o) (__fp_powser)
c:/program files (x86)/atmel/studio/7.0/toolchain/avr8/avr8-gnu-toolchain/bin/../lib/gcc/avr/5.4.0/../../../../avr/lib/avr5\libm.a(fp_pscA.o)
                              c:/program files (x86)/atmel/studio/7.0/toolchain/avr8/avr8-gnu-toolchain/bin/../lib/gcc/avr/5.4.0/../../../../avr/lib/avr5\libm.a(addsf3x.o) (__fp_pscA)
c:/program files (x86)/atmel/studio/7.0/toolchain/avr8/avr8-gnu-toolchain/bin/../lib/gcc/avr/5.4.0/../../../../avr/lib/avr5\libm.a(fp_pscB.o)
                              c:/program files (x86)/atmel/studio/7.0/toolchain/avr8/avr8-gnu-toolchain/bin/../lib/gcc/avr/5.4.0/../../../../avr/lib/avr5\libm.a(addsf3x.o) (__fp_pscB)
c:/program files (x86)/atmel/studio/7.0/toolchain/avr8/avr8-gnu-toolchain/bin/../lib/gcc/avr/5.4.0/../../../../avr/lib/avr5\libm.a(fp_round.o)
                              c:/program files (x86)/atmel/studio/7.0/toolchain/avr8/avr8-gnu-toolchain/bin/../lib/gcc/avr/5.4.0/../../../../avr/lib/avr5\libm.a(addsf3.o) (__fp_round)
c:/program files (x86)/atmel/studio/7.0/toolchain/avr8/avr8-gnu-toolchain/bin/../lib/gcc/avr/5.4.0/../../../../avr/lib/avr5\libm.a(fp_split3.o)
[...]
Memory Configuration

Name             Origin             Length             Attributes
text             0x00000000         0x00020000         xr
data             0x00800060         0x0000ffa0         rw !x
eeprom           0x00810000         0x00010000         rw !x
fuse             0x00820000         0x00000003         rw !x
lock             0x00830000         0x00000400         rw !x
signature        0x00840000         0x00000400         rw !x
user_signatures  0x00850000         0x00000400         rw !x
*default*        0x00000000         0xffffffff

Linker script and memory map

Address of section .data set to 0x800100
LOAD C:/Program Files (x86)/Atmel/Studio/7.0/Packs/atmel/ATmega_DFP/1.3.300/gcc/dev/atmega162/avr5/crtatmega162.o
LOAD ADC_driver.o
LOAD CAN_communication.o
LOAD CAN_joystick_messages.o
LOAD mcp2515_driver.o
LOAD music.o
LOAD OLED.o
LOAD OLED_menu.o
LOAD pos_read.o
LOAD main.o
LOAD spi_driver.o
LOAD SRAM_driver.o
LOAD UART_driver.o
START GROUP
LOAD c:/program files (x86)/atmel/studio/7.0/toolchain/avr8/avr8-gnu-toolchain/bin/../lib/gcc/avr/5.4.0/../../../../avr/lib/avr5\libm.a
END GROUP
START GROUP
LOAD c:/program files (x86)/atmel/studio/7.0/toolchain/avr8/avr8-gnu-toolchain/bin/../lib/gcc/avr/5.4.0/avr5\libgcc.a
LOAD c:/program files (x86)/atmel/studio/7.0/toolchain/avr8/avr8-gnu-toolchain/bin/../lib/gcc/avr/5.4.0/../../../../avr/lib/avr5\libm.a
LOAD c:/program files (x86)/atmel/studio/7.0/toolchain/avr8/avr8-gnu-toolchain/bin/../lib/gcc/avr/5.4.0/../../../../avr/lib/avr5\libc.a
LOAD C:/Program Files (x86)/Atmel/Studio/7.0/Packs/atmel/ATmega_DFP/1.3.300/gcc/dev/atmega162/avr5\libatmega162.a
END GROUP
                0x00000000                __TEXT_REGION_ORIGIN__ = DEFINED (__TEXT_REGION_ORIGIN__)?__TEXT_REGION_ORIGIN__:0x0
                0x00800060                __DATA_REGION_ORIGIN__ = DEFINED (__DATA_REGION_ORIGIN__)?__DATA_REGION_ORIGIN__:0x800060
                0x00020000                __TEXT_REGION_LENGTH__ = DEFINED (__TEXT_REGION_LENGTH__)?__TEXT_REGION_LENGTH__:0x20000
                0x0000ffa0                __DATA_REGION_LENGTH__ = DEFINED (__DATA_REGION_LENGTH__)?__DATA_REGION_LENGTH__:0xffa0
                0x00010000                __EEPROM_REGION_LENGTH__ = DEFINED (__EEPROM_REGION_LENGTH__)?__EEPROM_REGION_LENGTH__:0x10000
                [0x00000003]                __FUSE_REGION_LENGTH__ = DEFINED (__FUSE_REGION_LENGTH__)?__FUSE_REGION_LENGTH__:0x400
                0x00000400                __LOCK_REGION_LENGTH__ = DEFINED (__LOCK_REGION_LENGTH__)?__LOCK_REGION_LENGTH__:0x400
                0x00000400                __SIGNATURE_REGION_LENGTH__ = DEFINED (__SIGNATURE_REGION_LENGTH__)?__SIGNATURE_REGION_LENGTH__:0x400
                0x00000400                __USER_SIGNATURE_REGION_LENGTH__ = DEFINED (__USER_SIGNATURE_REGION_LENGTH__)?__USER_SIGNATURE_REGION_LENGTH__:0x400

.hash
 *(.hash)

.dynsym
 *(.dynsym)

.dynstr
 *(.dynstr)

.gnu.version
 *(.gnu.version)

.gnu.version_d
 *(.gnu.version_d)

.gnu.version_r
 *(.gnu.version_r)

.rel.init
 *(.rel.init)

.rela.init
 *(.rela.init)

.rel.text
 *(.rel.text)
 *(.rel.text.*)
 *(.rel.gnu.linkonce.t*)

.rela.text
 *(.rela.text)
 *(.rela.text.*)
 *(.rela.gnu.linkonce.t*)

.rel.fini
 *(.rel.fini)

.rela.fini
 *(.rela.fini)

.rel.rodata
 *(.rel.rodata)
 *(.rel.rodata.*)
 *(.rel.gnu.linkonce.r*)

.rela.rodata
 *(.rela.rodata)
 *(.rela.rodata.*)
 *(.rela.gnu.linkonce.r*)

.rel.data
 *(.rel.data)
 *(.rel.data.*)
 *(.rel.gnu.linkonce.d*)

.rela.data
 *(.rela.data)
 *(.rela.data.*)
 *(.rela.gnu.linkonce.d*)

.rel.ctors
 *(.rel.ctors)

.rela.ctors
 *(.rela.ctors)

.rel.dtors
 *(.rel.dtors)

.rela.dtors
 *(.rela.dtors)

.rel.got
 *(.rel.got)

.rela.got
 *(.rela.got)

.rel.bss
 *(.rel.bss)

.rela.bss
 *(.rela.bss)

.rel.plt
 *(.rel.plt)

.rela.plt
 *(.rela.plt)

.text           0x00000000     0x2436
 *(.vectors)
 .vectors       0x00000000       0x70 C:/Program Files (x86)/Atmel/Studio/7.0/Packs/atmel/ATmega_DFP/1.3.300/gcc/dev/atmega162/avr5/crtatmega162.o
                0x00000000                __vector_default
                0x00000000                __vectors
 *(.vectors)
 *(.progmem.gcc*)
 .progmem.gcc_fplib
                0x00000070       0x2d c:/program files (x86)/atmel/studio/7.0/toolchain/avr8/avr8-gnu-toolchain/bin/../lib/gcc/avr/5.4.0/../../../../avr/lib/avr5\libm.a(atan.o)
                0x0000009e                . = ALIGN (0x2)
 *fill*         0x0000009d        0x1 
                0x0000009e                __trampolines_start = .
 *(.trampolines)
 .trampolines   0x0000009e        0x0 linker stubs
 *(.trampolines*)
                0x0000009e                __trampolines_end = .
 *libprintf_flt.a:*(.progmem.data)
 *libc.a:*(.progmem.data)
 *(.progmem*)
 .progmem.data.font8
                0x0000009e      0x2f8 OLED.o
                0x0000009e                font8
                0x00000396                . = ALIGN (0x2)
 *(.jumptables)
 *(.jumptables*)
 *(.lowtext)
 *(.lowtext*)
                0x00000396                __ctors_start = .
 *(.ctors)
                0x00000396                __ctors_end = .
                0x00000396                __dtors_start = .
 *(.dtors)
                0x00000396                __dtors_end = .
 SORT(*)(.ctors)
 SORT(*)(.dtors)
 *(.init0)
 .init0         0x00000396        0x0 C:/Program Files (x86)/Atmel/Studio/7.0/Packs/atmel/ATmega_DFP/1.3.300/gcc/dev/atmega162/avr5/crtatmega162.o
                0x00000396                __init
 *(.init0)
 *(.init1)
 *(.init1)
 *(.init2)
 .init2         0x00000396        0xc C:/Program Files (x86)/Atmel/Studio/7.0/Packs/atmel/ATmega_DFP/1.3.300/gcc/dev/atmega162/avr5/crtatmega162.o
 *(.init2)
 *(.init3)
 *(.init3)
 *(.init4)
 .init4         0x000003a2       0x16 c:/program files (x86)/atmel/studio/7.0/toolchain/avr8/avr8-gnu-toolchain/bin/../lib/gcc/avr/5.4.0/avr5\libgcc.a(_copy_data.o)
                0x000003a2                __do_copy_data
 .init4         0x000003b8       0x10 c:/program files (x86)/atmel/studio/7.0/toolchain/avr8/avr8-gnu-toolchain/bin/../lib/gcc/avr/5.4.0/avr5\libgcc.a(_clear_bss.o)
                0x000003b8                __do_clear_bss
 *(.init4)
 *(.init5)
 *(.init5)
 *(.init6)
 *(.init6)
 *(.init7)
 *(.init7)
 *(.init8)
 *(.init8)
 *(.init9)
 .init9         0x000003c8        0x8 C:/Program Files (x86)/Atmel/Studio/7.0/Packs/atmel/ATmega_DFP/1.3.300/gcc/dev/atmega162/avr5/crtatmega162.o
 *(.init9)
 *(.text)
 .text          0x000003d0        0x4 C:/Program Files (x86)/Atmel/Studio/7.0/Packs/atmel/ATmega_DFP/1.3.300/gcc/dev/atmega162/avr5/crtatmega162.o
                0x000003d0                __vector_22
                0x000003d0                __vector_24
                0x000003d0                __vector_12
                0x000003d0                __bad_interrupt
                0x000003d0                __vector_6
                0x000003d0                __vector_3
                0x000003d0                __vector_23
                0x000003d0                __vector_25
                0x000003d0                __vector_11
                0x000003d0                __vector_13
                0x000003d0                __vector_17
                0x000003d0                __vector_19
                0x000003d0                __vector_7
                0x000003d0                __vector_27
                0x000003d0                __vector_5
                0x000003d0                __vector_4
                0x000003d0                __vector_9
                0x000003d0                __vector_2
                0x000003d0                __vector_21
                0x000003d0                __vector_15
                0x000003d0                __vector_8
                0x000003d0                __vector_26
                0x000003d0                __vector_14
                0x000003d0                __vector_10
                0x000003d0                __vector_16
                0x000003d0                __vector_18
                0x000003d0                __vector_20
                0x000003d4                . = ALIGN (0x2)
 *(.text.*)
 .text.ADC_read
                0x000003d4       0x12 ADC_driver.o
                0x000003d4                ADC_read
 .text.ADC_calibrate
                0x000003e6       0x2e ADC_driver.o
                0x000003e6                ADC_calibrate
 .text.ADC_timer_init
                0x00000414       0x1a ADC_driver.o
                0x00000414                ADC_timer_init
 .text.CAN_init
                0x0000042e       0x4a CAN_communication.o
                0x0000042e                CAN_init
 .text.__vector_1
                0x00000478       0x28 CAN_communication.o
                0x00000478                __vector_1
 .text.CAN_message_transmission
                0x000004a0       0x70 CAN_communication.o
                0x000004a0                CAN_message_transmission
 .text.CAN_meessage_reception
                0x00000510       0xaa CAN_communication.o
                0x00000510                CAN_meessage_reception
 .text.message_handler
                0x000005ba       0x32 CAN_communication.o
                0x000005ba                message_handler
 .text.joyStick_Can_Message
                0x000005ec       0x84 CAN_joystick_messages.o
                0x000005ec                joyStick_Can_Message
 .text.spi_master_CS
                0x00000670        0xc mcp2515_driver.o
                0x00000670                spi_master_CS
 .text.mcp_write
                0x0000067c       0x2c mcp2515_driver.o
                0x0000067c                mcp_write
 .text.mcp_set_mode
                0x000006a8        0xa mcp2515_driver.o
                0x000006a8                mcp_set_mode
 .text.mcp_read
                0x000006b2       0x28 mcp2515_driver.o
                0x000006b2                mcp_read
 .text.mcp_reset
                0x000006da       0x14 mcp2515_driver.o
                0x000006da                mcp_reset
 .text.mcp_init
                0x000006ee       0x5a mcp2515_driver.o
                0x000006ee                mcp_init
 .text.mcp_bit_modify
                0x00000748       0x38 mcp2515_driver.o
                0x00000748                mcp_bit_modify
 .text.mcp_request_to_send
                0x00000780       0x3e mcp2515_driver.o
                0x00000780                mcp_request_to_send
 .text.InitMusic
                0x000007be        0xc music.o
                0x000007be                InitMusic
 .text.playMusic
                0x000007ca       0xb2 music.o
                0x000007ca                playMusic
 .text.oled_sel_row
                0x0000087c       0x14 OLED.o
                0x0000087c                oled_sel_row
 .text.oled_sel_col
                0x00000890       0x24 OLED.o
                0x00000890                oled_sel_col
 .text.oled_line_down
                0x000008b4        0xe OLED.o
                0x000008b4                oled_line_down
 .text.oled_pos_set
                0x000008c2       0x12 OLED.o
                0x000008c2                oled_pos_set
 .text.oled_home
                0x000008d4        0xa OLED.o
                0x000008d4                oled_home
 .text.oled_clear
                0x000008de       0x48 OLED.o
                0x000008de                oled_clear
 .text.OLED_init
                0x00000926      0x110 OLED.o
                0x00000926                OLED_init
 .text.oled_write_character
                0x00000a36       0x3c OLED.o
                0x00000a36                oled_write_character
 .text.oled_print
                0x00000a72       0x3a OLED.o
                0x00000a72                oled_print
 .text.oled_print_arrow
                0x00000aac       0x3e OLED.o
                0x00000aac                oled_print_arrow
 .text.build_node
                0x00000aea       0x54 OLED_menu.o
                0x00000aea                build_node
 .text.go_up    0x00000b3e       0x18 OLED_menu.o
                0x00000b3e                go_up
 .text.go_down  0x00000b56       0x32 OLED_menu.o
                0x00000b56                go_down
 .text.wait_for_action
                0x00000b88       0x42 OLED_menu.o
                0x00000b88                wait_for_action
 .text.wait_for_neutral_joystick_position
                0x00000bca        0xa OLED_menu.o
                0x00000bca                wait_for_neutral_joystick_position
 .text.update_element_down
                0x00000bd4       0x1a OLED_menu.o
                0x00000bd4                update_element_down
 .text.check_highscore
                0x00000bee       0x6e OLED_menu.o
                0x00000bee                check_highscore
 .text.play_game
                0x00000c5c       0x68 OLED_menu.o
                0x00000c5c                play_game
 .text.print_selecting_arrow
                0x00000cc4        0xa OLED_menu.o
                0x00000cc4                print_selecting_arrow
 .text.print_main_menu_objects
                0x00000cce       0x7a OLED_menu.o
                0x00000cce                print_main_menu_objects
 .text.print_new_game_menu_objects
                0x00000d48       0x58 OLED_menu.o
                0x00000d48                print_new_game_menu_objects
 .text.print_score_menu_objects
                0x00000da0       0xdc OLED_menu.o
                0x00000da0                print_score_menu_objects
 .text.update_screen
                0x00000e7c       0x28 OLED_menu.o
                0x00000e7c                update_screen
 .text.menu     0x00000ea4      0x13e OLED_menu.o
                0x00000ea4                menu
 .text.pos_read
                0x00000fe2      0x1e4 pos_read.o
                0x00000fe2                pos_read
 .text.joystick_direction
                0x000011c6      0x182 pos_read.o
                0x000011c6                joystick_direction
 .text.pos_readSettings
                0x00001348        0xa pos_read.o
                0x00001348                pos_readSettings
 .text.usb_button_pushed
                0x00001352       0x28 pos_read.o
                0x00001352                usb_button_pushed
 .text.main     0x0000137a       0xa2 main.o
                0x0000137a                main
 .text.spi_write
                0x0000141c        0x8 spi_driver.o
                0x0000141c                spi_write
 .text.spi_read
                0x00001424        0xa spi_driver.o
                0x00001424                spi_read
 .text.spi_init
                0x0000142e        0xe spi_driver.o
                0x0000142e                spi_init
 .text.SRAM_init
                0x0000143c        0xe SRAM_driver.o
                0x0000143c                SRAM_init
 .text.USART_init
                0x0000144a       0x10 UART_driver.o
                0x0000144a                USART_init
 .text.USART_receive
                0x0000145a        0x8 UART_driver.o
                0x0000145a                USART_receive
 .text.USART_send
                0x00001462        0x8 UART_driver.o
                0x00001462                USART_send
 .text.avr-libc.fplib
                0x0000146a        0xe c:/program files (x86)/atmel/studio/7.0/toolchain/avr8/avr8-gnu-toolchain/bin/../lib/gcc/avr/5.4.0/../../../../avr/lib/avr5\libm.a(addsf3.o)
                0x0000146a                __subsf3
                0x0000146c                __addsf3
 .text.avr-libc.fplib
                0x00001478       0xcc c:/program files (x86)/atmel/studio/7.0/toolchain/avr8/avr8-gnu-toolchain/bin/../lib/gcc/avr/5.4.0/../../../../avr/lib/avr5\libm.a(addsf3x.o)
                0x0000149a                __addsf3x
 .text.avr-libc.fplib
                0x00001544       0x86 c:/program files (x86)/atmel/studio/7.0/toolchain/avr8/avr8-gnu-toolchain/bin/../lib/gcc/avr/5.4.0/../../../../avr/lib/avr5\libm.a(atan2.o)
                0x0000156a                atan2
 .text.avr-libc.fplib
                0x000015ca       0x5e c:/program files (x86)/atmel/studio/7.0/toolchain/avr8/avr8-gnu-toolchain/bin/../lib/gcc/avr/5.4.0/../../../../avr/lib/avr5\libm.a(atan.o)
                0x000015ca                atan
 .text.avr-libc.fplib
                0x00001628        0xa c:/program files (x86)/atmel/studio/7.0/toolchain/avr8/avr8-gnu-toolchain/bin/../lib/gcc/avr/5.4.0/../../../../avr/lib/avr5\libm.a(cmpsf2.o)
                0x00001628                __nesf2
                0x00001628                __eqsf2
                0x00001628                __cmpsf2
                0x00001628                __ltsf2
                0x00001628                __lesf2
 .text.avr-libc.fplib
                0x00001632        0x8 c:/program files (x86)/atmel/studio/7.0/toolchain/avr8/avr8-gnu-toolchain/bin/../lib/gcc/avr/5.4.0/../../../../avr/lib/avr5\libm.a(divsf3.o)
                0x00001632                __divsf3
 .text.avr-libc.fplib
                0x0000163a       0xdc c:/program files (x86)/atmel/studio/7.0/toolchain/avr8/avr8-gnu-toolchain/bin/../lib/gcc/avr/5.4.0/../../../../avr/lib/avr5\libm.a(divsf3x.o)
                0x0000165a                __divsf3x
                0x00001660                __divsf3_pse
 .text.avr-libc.fplib
                0x00001716        0xe c:/program files (x86)/atmel/studio/7.0/toolchain/avr8/avr8-gnu-toolchain/bin/../lib/gcc/avr/5.4.0/../../../../avr/lib/avr5\libm.a(fixsfsi.o)
                0x00001716                __fixsfsi
 .text.avr-libc.fplib
                0x00001724       0x5e c:/program files (x86)/atmel/studio/7.0/toolchain/avr8/avr8-gnu-toolchain/bin/../lib/gcc/avr/5.4.0/../../../../avr/lib/avr5\libm.a(fixunssfsi.o)
                0x00001724                __fixunssfsi
 .text.avr-libc.fplib
                0x00001782       0x7a c:/program files (x86)/atmel/studio/7.0/toolchain/avr8/avr8-gnu-toolchain/bin/../lib/gcc/avr/5.4.0/../../../../avr/lib/avr5\libm.a(floatsisf.o)
                0x00001782                __floatunsisf
                0x00001786                __floatsisf
 .text.avr-libc.fplib
                0x000017fc       0x48 c:/program files (x86)/atmel/studio/7.0/toolchain/avr8/avr8-gnu-toolchain/bin/../lib/gcc/avr/5.4.0/../../../../avr/lib/avr5\libm.a(fp_cmp.o)
                0x000017fc                __fp_cmp
 .text.avr-libc.fplib
                0x00001844        0xc c:/program files (x86)/atmel/studio/7.0/toolchain/avr8/avr8-gnu-toolchain/bin/../lib/gcc/avr/5.4.0/../../../../avr/lib/avr5\libm.a(fp_inf.o)
                0x00001844                __fp_inf
 .text.avr-libc.fplib
                0x00001850        0x6 c:/program files (x86)/atmel/studio/7.0/toolchain/avr8/avr8-gnu-toolchain/bin/../lib/gcc/avr/5.4.0/../../../../avr/lib/avr5\libm.a(fp_nan.o)
                0x00001850                __fp_nan
 .text.avr-libc.fplib
                0x00001856       0x4e c:/program files (x86)/atmel/studio/7.0/toolchain/avr8/avr8-gnu-toolchain/bin/../lib/gcc/avr/5.4.0/../../../../avr/lib/avr5\libm.a(fp_powser.o)
                0x00001856                __fp_powser
 .text.avr-libc.fplib
                0x000018a4        0xe c:/program files (x86)/atmel/studio/7.0/toolchain/avr8/avr8-gnu-toolchain/bin/../lib/gcc/avr/5.4.0/../../../../avr/lib/avr5\libm.a(fp_pscA.o)
                0x000018a4                __fp_pscA
 .text.avr-libc.fplib
                0x000018b2        0xe c:/program files (x86)/atmel/studio/7.0/toolchain/avr8/avr8-gnu-toolchain/bin/../lib/gcc/avr/5.4.0/../../../../avr/lib/avr5\libm.a(fp_pscB.o)
                0x000018b2                __fp_pscB
 .text.avr-libc.fplib
                0x000018c0       0x22 c:/program files (x86)/atmel/studio/7.0/toolchain/avr8/avr8-gnu-toolchain/bin/../lib/gcc/avr/5.4.0/../../../../avr/lib/avr5\libm.a(fp_round.o)
                0x000018c0                __fp_round
 .text.avr-libc.fplib
                0x000018e2       0x44 c:/program files (x86)/atmel/studio/7.0/toolchain/avr8/avr8-gnu-toolchain/bin/../lib/gcc/avr/5.4.0/../../../../avr/lib/avr5\libm.a(fp_split3.o)
                0x000018e2                __fp_split3
                0x000018f2                __fp_splitA
 .text.avr-libc.fplib
                0x00001926        0xe c:/program files (x86)/atmel/studio/7.0/toolchain/avr8/avr8-gnu-toolchain/bin/../lib/gcc/avr/5.4.0/../../../../avr/lib/avr5\libm.a(fp_zero.o)
                0x00001926                __fp_zero
                0x00001928                __fp_szero
 .text.avr-libc.fplib
                0x00001934        0xa c:/program files (x86)/atmel/studio/7.0/toolchain/avr8/avr8-gnu-toolchain/bin/../lib/gcc/avr/5.4.0/../../../../avr/lib/avr5\libm.a(gesf2.o)
                0x00001934                __gesf2
                0x00001934                __gtsf2
 .text.avr-libc.fplib
                0x0000193e       0x10 c:/program files (x86)/atmel/studio/7.0/toolchain/avr8/avr8-gnu-toolchain/bin/../lib/gcc/avr/5.4.0/../../../../avr/lib/avr5\libm.a(inverse.o)
                0x0000193e                inverse
 .text.avr-libc.fplib
                0x0000194e        0x8 c:/program files (x86)/atmel/studio/7.0/toolchain/avr8/avr8-gnu-toolchain/bin/../lib/gcc/avr/5.4.0/../../../../avr/lib/avr5\libm.a(mulsf3.o)
                0x0000194e                __mulsf3
 .text.avr-libc.fplib
                0x00001956       0xd2 c:/program files (x86)/atmel/studio/7.0/toolchain/avr8/avr8-gnu-toolchain/bin/../lib/gcc/avr/5.4.0/../../../../avr/lib/avr5\libm.a(mulsf3x.o)
                0x00001974                __mulsf3x
                0x0000197a                __mulsf3_pse
 .text.avr-libc.fplib
                0x00001a28        0x8 c:/program files (x86)/atmel/studio/7.0/toolchain/avr8/avr8-gnu-toolchain/bin/../lib/gcc/avr/5.4.0/../../../../avr/lib/avr5\libm.a(square.o)
                0x00001a28                square
 .text.libgcc.div
                0x00001a30       0x28 c:/program files (x86)/atmel/studio/7.0/toolchain/avr8/avr8-gnu-toolchain/bin/../lib/gcc/avr/5.4.0/avr5\libgcc.a(_divmodhi4.o)
                0x00001a30                _div
                0x00001a30                __divmodhi4
 .text.libgcc.div
                0x00001a58       0x28 c:/program files (x86)/atmel/studio/7.0/toolchain/avr8/avr8-gnu-toolchain/bin/../lib/gcc/avr/5.4.0/avr5\libgcc.a(_udivmodhi4.o)
                0x00001a58                __udivmodhi4
 .text.avr-libc
                0x00001a80        0xe c:/program files (x86)/atmel/studio/7.0/toolchain/avr8/avr8-gnu-toolchain/bin/../lib/gcc/avr/5.4.0/../../../../avr/lib/avr5\libc.a(strcpy.o)
                0x00001a80                strcpy
 .text.avr-libc
                0x00001a8e       0x16 c:/program files (x86)/atmel/studio/7.0/toolchain/avr8/avr8-gnu-toolchain/bin/../lib/gcc/avr/5.4.0/../../../../avr/lib/avr5\libc.a(itoa_ncheck.o)
                0x00001a8e                __itoa_ncheck
 .text.avr-libc
                0x00001aa4       0x34 c:/program files (x86)/atmel/studio/7.0/toolchain/avr8/avr8-gnu-toolchain/bin/../lib/gcc/avr/5.4.0/../../../../avr/lib/avr5\libc.a(utoa_ncheck.o)
                0x00001aa4                __utoa_ncheck
                0x00001aa6                __utoa_common
 .text.avr-libc
                0x00001ad8       0x96 c:/program files (x86)/atmel/studio/7.0/toolchain/avr8/avr8-gnu-toolchain/bin/../lib/gcc/avr/5.4.0/../../../../avr/lib/avr5\libc.a(fdevopen.o)
                0x00001ad8                fdevopen
 .text.avr-libc
                0x00001b6e       0x2c c:/program files (x86)/atmel/studio/7.0/toolchain/avr8/avr8-gnu-toolchain/bin/../lib/gcc/avr/5.4.0/../../../../avr/lib/avr5\libc.a(printf.o)
                0x00001b6e                printf
 .text.avr-libc
                0x00001b9a       0x60 c:/program files (x86)/atmel/studio/7.0/toolchain/avr8/avr8-gnu-toolchain/bin/../lib/gcc/avr/5.4.0/../../../../avr/lib/avr5\libc.a(puts.o)
                0x00001b9a                puts
 .text.avr-libc
                0x00001bfa      0x3c2 c:/program files (x86)/atmel/studio/7.0/toolchain/avr8/avr8-gnu-toolchain/bin/../lib/gcc/avr/5.4.0/../../../../avr/lib/avr5\libc.a(vfprintf_std.o)
                0x00001bfa                vfprintf
 .text.avr-libc
                0x00001fbc       0x38 c:/program files (x86)/atmel/studio/7.0/toolchain/avr8/avr8-gnu-toolchain/bin/../lib/gcc/avr/5.4.0/../../../../avr/lib/avr5\libc.a(calloc.o)
                0x00001fbc                calloc
 .text.avr-libc
                0x00001ff4      0x242 c:/program files (x86)/atmel/studio/7.0/toolchain/avr8/avr8-gnu-toolchain/bin/../lib/gcc/avr/5.4.0/../../../../avr/lib/avr5\libc.a(malloc.o)
                0x00001ff4                malloc
                0x00002124                free
 .text.avr-libc
                0x00002236       0x16 c:/program files (x86)/atmel/studio/7.0/toolchain/avr8/avr8-gnu-toolchain/bin/../lib/gcc/avr/5.4.0/../../../../avr/lib/avr5\libc.a(strnlen_P.o)
                0x00002236                strnlen_P
 .text.avr-libc
                0x0000224c        0xe c:/program files (x86)/atmel/studio/7.0/toolchain/avr8/avr8-gnu-toolchain/bin/../lib/gcc/avr/5.4.0/../../../../avr/lib/avr5\libc.a(memset.o)
                0x0000224c                memset
 .text.avr-libc
                0x0000225a       0x16 c:/program files (x86)/atmel/studio/7.0/toolchain/avr8/avr8-gnu-toolchain/bin/../lib/gcc/avr/5.4.0/../../../../avr/lib/avr5\libc.a(strnlen.o)
                0x0000225a                strnlen
 .text.avr-libc
                0x00002270       0x20 c:/program files (x86)/atmel/studio/7.0/toolchain/avr8/avr8-gnu-toolchain/bin/../lib/gcc/avr/5.4.0/../../../../avr/lib/avr5\libc.a(strrev.o)
                0x00002270                strrev
 .text.avr-libc
                0x00002290       0x78 c:/program files (x86)/atmel/studio/7.0/toolchain/avr8/avr8-gnu-toolchain/bin/../lib/gcc/avr/5.4.0/../../../../avr/lib/avr5\libc.a(fputc.o)
                0x00002290                fputc
 .text.avr-libc
                0x00002308       0xbc c:/program files (x86)/atmel/studio/7.0/toolchain/avr8/avr8-gnu-toolchain/bin/../lib/gcc/avr/5.4.0/../../../../avr/lib/avr5\libc.a(ultoa_invert.o)
                0x00002308                __ultoa_invert
 .text.libgcc.prologue
                0x000023c4       0x38 c:/program files (x86)/atmel/studio/7.0/toolchain/avr8/avr8-gnu-toolchain/bin/../lib/gcc/avr/5.4.0/avr5\libgcc.a(_prologue.o)
                0x000023c4                __prologue_saves__
 .text.libgcc.prologue
                0x000023fc       0x36 c:/program files (x86)/atmel/studio/7.0/toolchain/avr8/avr8-gnu-toolchain/bin/../lib/gcc/avr/5.4.0/avr5\libgcc.a(_epilogue.o)
                0x000023fc                __epilogue_restores__
                0x00002432                . = ALIGN (0x2)
 *(.fini9)
 .fini9         0x00002432        0x0 c:/program files (x86)/atmel/studio/7.0/toolchain/avr8/avr8-gnu-toolchain/bin/../lib/gcc/avr/5.4.0/avr5\libgcc.a(_exit.o)
                0x00002432                _exit
                0x00002432                exit
 *(.fini9)
 *(.fini8)
 *(.fini8)
 *(.fini7)
 *(.fini7)
 *(.fini6)
 *(.fini6)
 *(.fini5)
 *(.fini5)
 *(.fini4)
 *(.fini4)
 *(.fini3)
 *(.fini3)
 *(.fini2)
 *(.fini2)
 *(.fini1)
 *(.fini1)
 *(.fini0)
 .fini0         0x00002432        0x4 c:/program files (x86)/atmel/studio/7.0/toolchain/avr8/avr8-gnu-toolchain/bin/../lib/gcc/avr/5.4.0/avr5\libgcc.a(_exit.o)
 *(.fini0)
                0x00002436                _etext = .

.data           0x00800100      0x156 load address 0x00002436
                0x00800100                PROVIDE (__data_start, .)
 *(.data)
 .data          0x00800100        0x6 c:/program files (x86)/atmel/studio/7.0/toolchain/avr8/avr8-gnu-toolchain/bin/../lib/gcc/avr/5.4.0/../../../../avr/lib/avr5\libc.a(malloc.o)
                0x00800100                __malloc_heap_end
                0x00800102                __malloc_heap_start
                0x00800104                __malloc_margin
 *(.data*)
 .data.oled_write_data
                0x00800106        0x2 OLED.o
                0x00800106                oled_write_data
 .data.oled_write_cmd
                0x00800108        0x2 OLED.o
                0x00800108                oled_write_cmd
 .data.end_melody2
                0x0080010a       0x10 main.o
                0x0080010a                end_melody2
 *(.gnu.linkonce.d*)
 *(.rodata)
 .rodata        0x0080011a       0x10 OLED_menu.o
 *(.rodata*)
 .rodata.str1.1
                0x0080012a       0x6d mcp2515_driver.o
 .rodata.str1.1
                0x00800197       0x64 OLED_menu.o
 .rodata.str1.1
                0x008001fb       0x5b main.o
 *(.gnu.linkonce.r*)
                0x00800256                . = ALIGN (0x2)
                0x00800256                _edata = .
                0x00800256                PROVIDE (__data_end, .)

.bss            0x00800256       0x9c
                0x00800256                PROVIDE (__bss_start, .)
 *(.bss)
 *(.bss*)
 .bss.flag      0x00800256        0x2 CAN_communication.o
                0x00800256                flag
 .bss.Score.2439
                0x00800258       0x2a OLED_menu.o
 .bss.Play.2440
                0x00800282       0x2a OLED_menu.o
 .bss.Main_menu.2438
                0x008002ac       0x2a OLED_menu.o
 .bss.current_node.2444
                0x008002d6        0x2 OLED_menu.o
 .bss._3RD      0x008002d8        0x2 OLED_menu.o
                0x008002d8                _3RD
 *(COMMON)
 COMMON         0x008002da        0x4 ADC_driver.o
                0x008002da                P_cal
 COMMON         0x008002de        0x4 CAN_joystick_messages.o
                0x008002de                P_pos
 COMMON         0x008002e2        0x2 OLED.o
                0x008002e2                oled_position
 COMMON         0x008002e4        0x4 OLED_menu.o
                0x008002e4                _2ND
                0x008002e6                _1ST
 COMMON         0x008002e8        0x6 c:/program files (x86)/atmel/studio/7.0/toolchain/avr8/avr8-gnu-toolchain/bin/../lib/gcc/avr/5.4.0/../../../../avr/lib/avr5\libc.a(iob.o)
                0x008002e8                __iob
 COMMON         0x008002ee        0x4 c:/program files (x86)/atmel/studio/7.0/toolchain/avr8/avr8-gnu-toolchain/bin/../lib/gcc/avr/5.4.0/../../../../avr/lib/avr5\libc.a(malloc.o)
                0x008002ee                __brkval
                0x008002f0                __flp
                0x008002f2                PROVIDE (__bss_end, .)
                0x00002436                __data_load_start = LOADADDR (.data)
                0x0000258c                __data_load_end = (__data_load_start + SIZEOF (.data))

.noinit         0x008002f2        0x0
                [!provide]                PROVIDE (__noinit_start, .)
 *(.noinit*)
                [!provide]                PROVIDE (__noinit_end, .)
                0x008002f2                _end = .
                0x008002f2                PROVIDE (__heap_start, .)

.eeprom         0x00810000        0x0
 *(.eeprom*)
                0x00810000                __eeprom_end = .

.fuse
 *(.fuse)
 *(.lfuse)
 *(.hfuse)
 *(.efuse)

.lock
 *(.lock*)

.signature
 *(.signature*)

.user_signatures
 *(.user_signatures*)

.stab
 *(.stab)

.stabstr
 *(.stabstr)

.stab.excl
 *(.stab.excl)

.stab.exclstr
 *(.stab.exclstr)

.stab.index
 *(.stab.index)

.stab.indexstr
 *(.stab.indexstr)

.comment        0x00000000       0x5c
 *(.comment)
 .comment       0x00000000       0x30 ADC_driver.o
                                 0x31 (size before relaxing)
 .comment       0x00000030       0x31 CAN_communication.o
 .comment       0x00000030       0x31 CAN_joystick_messages.o
 .comment       0x00000030       0x31 mcp2515_driver.o
 .comment       0x00000030       0x31 music.o
 .comment       0x00000030       0x31 OLED.o
 .comment       0x00000030       0x31 OLED_menu.o
 .comment       0x00000030       0x31 pos_read.o
 .comment       0x00000030       0x31 main.o
 .comment       0x00000030       0x31 spi_driver.o
 .comment       0x00000030       0x31 SRAM_driver.o
 .comment       0x00000030       0x31 UART_driver.o
 .comment       0x00000030       0x31 c:/program files (x86)/atmel/studio/7.0/toolchain/avr8/avr8-gnu-toolchain/bin/../lib/gcc/avr/5.4.0/../../../../avr/lib/avr5\libc.a(fdevopen.o)
 .comment       0x00000030       0x31 c:/program files (x86)/atmel/studio/7.0/toolchain/avr8/avr8-gnu-toolchain/bin/../lib/gcc/avr/5.4.0/../../../../avr/lib/avr5\libc.a(iob.o)
 .comment       0x00000030       0x31 c:/program files (x86)/atmel/studio/7.0/toolchain/avr8/avr8-gnu-toolchain/bin/../lib/gcc/avr/5.4.0/../../../../avr/lib/avr5\libc.a(printf.o)
 .comment       0x00000030       0x31 c:/program files (x86)/atmel/studio/7.0/toolchain/avr8/avr8-gnu-toolchain/bin/../lib/gcc/avr/5.4.0/../../../../avr/lib/avr5\libc.a(puts.o)
 .comment       0x00000030       0x2c c:/program files (x86)/atmel/studio/7.0/toolchain/avr8/avr8-gnu-toolchain/bin/../lib/gcc/avr/5.4.0/../../../../avr/lib/avr5\libc.a(vfprintf_std.o)
                                 0x2d (size before relaxing)
 .comment       0x0000005c       0x31 c:/program files (x86)/atmel/studio/7.0/toolchain/avr8/avr8-gnu-toolchain/bin/../lib/gcc/avr/5.4.0/../../../../avr/lib/avr5\libc.a(calloc.o)
 .comment       0x0000005c       0x31 c:/program files (x86)/atmel/studio/7.0/toolchain/avr8/avr8-gnu-toolchain/bin/../lib/gcc/avr/5.4.0/../../../../avr/lib/avr5\libc.a(malloc.o)
 .comment       0x0000005c       0x31 c:/program files (x86)/atmel/studio/7.0/toolchain/avr8/avr8-gnu-toolchain/bin/../lib/gcc/avr/5.4.0/../../../../avr/lib/avr5\libc.a(fputc.o)

.note.gnu.avr.deviceinfo
                0x00000000       0x3c
 .note.gnu.avr.deviceinfo
                0x00000000       0x3c C:/Program Files (x86)/Atmel/Studio/7.0/Packs/atmel/ATmega_DFP/1.3.300/gcc/dev/atmega162/avr5/crtatmega162.o

.note.gnu.build-id
 *(.note.gnu.build-id)

.debug
 *(.debug)

.line
 *(.line)

.debug_srcinfo
 *(.debug_srcinfo)

.debug_sfnames
 *(.debug_sfnames)

.debug_aranges  0x00000000      0x330
 *(.debug_aranges)
 .debug_aranges
                0x00000000       0x38 ADC_driver.o
 .debug_aranges
                0x00000038       0x60 CAN_communication.o
 .debug_aranges
                0x00000098       0x20 CAN_joystick_messages.o
 .debug_aranges
                0x000000b8       0x60 mcp2515_driver.o
 .debug_aranges
                0x00000118       0x28 music.o
 .debug_aranges
                0x00000140       0x80 OLED.o
 .debug_aranges
                0x000001c0       0x90 OLED_menu.o
 .debug_aranges
                0x00000250       0x38 pos_read.o
 .debug_aranges
                0x00000288       0x20 main.o
 .debug_aranges
                0x000002a8       0x30 spi_driver.o
 .debug_aranges
                0x000002d8       0x28 SRAM_driver.o
 .debug_aranges
                0x00000300       0x30 UART_driver.o

.debug_pubnames
 *(.debug_pubnames)

.debug_info     0x00000000     0x3a0f
 *(.debug_info .gnu.linkonce.wi.*)
 .debug_info    0x00000000      0x5d0 C:/Program Files (x86)/Atmel/Studio/7.0/Packs/atmel/ATmega_DFP/1.3.300/gcc/dev/atmega162/avr5/crtatmega162.o
 .debug_info    0x000005d0      0x31c ADC_driver.o
 .debug_info    0x000008ec      0x6f6 CAN_communication.o
 .debug_info    0x00000fe2      0x29b CAN_joystick_messages.o
 .debug_info    0x0000127d      0x59f mcp2515_driver.o
 .debug_info    0x0000181c      0x162 music.o
 .debug_info    0x0000197e      0x92c OLED.o
 .debug_info    0x000022aa      0xe93 OLED_menu.o
 .debug_info    0x0000313d      0x2b0 pos_read.o
 .debug_info    0x000033ed      0x2fe main.o
 .debug_info    0x000036eb       0xe1 spi_driver.o
 .debug_info    0x000037cc      0x17b SRAM_driver.o
 .debug_info    0x00003947       0xc8 UART_driver.o

.debug_abbrev   0x00000000     0x164c
 *(.debug_abbrev)
 .debug_abbrev  0x00000000      0x580 C:/Program Files (x86)/Atmel/Studio/7.0/Packs/atmel/ATmega_DFP/1.3.300/gcc/dev/atmega162/avr5/crtatmega162.o
 .debug_abbrev  0x00000580      0x1d1 ADC_driver.o
 .debug_abbrev  0x00000751      0x23d CAN_communication.o
 .debug_abbrev  0x0000098e      0x109 CAN_joystick_messages.o
 .debug_abbrev  0x00000a97      0x1a6 mcp2515_driver.o
 .debug_abbrev  0x00000c3d       0xef music.o
 .debug_abbrev  0x00000d2c      0x1d3 OLED.o
 .debug_abbrev  0x00000eff      0x2fa OLED_menu.o
 .debug_abbrev  0x000011f9      0x171 pos_read.o
 .debug_abbrev  0x0000136a       0xe4 main.o
 .debug_abbrev  0x0000144e       0xad spi_driver.o
 .debug_abbrev  0x000014fb       0xbf SRAM_driver.o
 .debug_abbrev  0x000015ba       0x92 UART_driver.o

.debug_line     0x00000000     0x1b00
 *(.debug_line .debug_line.* .debug_line_end)
 .debug_line    0x00000000      0x13f C:/Program Files (x86)/Atmel/Studio/7.0/Packs/atmel/ATmega_DFP/1.3.300/gcc/dev/atmega162/avr5/crtatmega162.o
 .debug_line    0x0000013f      0x1e8 ADC_driver.o
 .debug_line    0x00000327      0x3bd CAN_communication.o
 .debug_line    0x000006e4      0x135 CAN_joystick_messages.o
 .debug_line    0x00000819      0x30a mcp2515_driver.o
 .debug_line    0x00000b23      0x1ba music.o
 .debug_line    0x00000cdd      0x2a4 OLED.o
 .debug_line    0x00000f81      0x4d7 OLED_menu.o
 .debug_line    0x00001458      0x20d pos_read.o
 .debug_line    0x00001665      0x14a main.o
 .debug_line    0x000017af       0xf5 spi_driver.o
 .debug_line    0x000018a4      0x15c SRAM_driver.o
 .debug_line    0x00001a00      0x100 UART_driver.o

.debug_frame    0x00000000      0x880
 *(.debug_frame)
 .debug_frame   0x00000000       0x80 ADC_driver.o
 .debug_frame   0x00000080      0x180 CAN_communication.o
 .debug_frame   0x00000200       0x48 CAN_joystick_messages.o
 .debug_frame   0x00000248       0xe0 mcp2515_driver.o
 .debug_frame   0x00000328       0x5c music.o
 .debug_frame   0x00000384      0x110 OLED.o
 .debug_frame   0x00000494      0x1a0 OLED_menu.o
 .debug_frame   0x00000634       0xc4 pos_read.o
 .debug_frame   0x000006f8       0x50 main.o
 .debug_frame   0x00000748       0x44 spi_driver.o
 .debug_frame   0x0000078c       0xb0 SRAM_driver.o
 .debug_frame   0x0000083c       0x44 UART_driver.o

.debug_str      0x00000000      0xd34
 *(.debug_str)
 .debug_str     0x00000000      0x1f6 C:/Program Files (x86)/Atmel/Studio/7.0/Packs/atmel/ATmega_DFP/1.3.300/gcc/dev/atmega162/avr5/crtatmega162.o
 .debug_str     0x000001f6      0x251 ADC_driver.o
                                0x28a (size before relaxing)
 .debug_str     0x00000447      0x1cc CAN_communication.o
                                0x39e (size before relaxing)
 .debug_str     0x00000613       0xfe CAN_joystick_messages.o
                                0x320 (size before relaxing)
 .debug_str     0x00000711       0x7e mcp2515_driver.o
                                0x2c2 (size before relaxing)
 .debug_str     0x0000078f       0x63 music.o
                                0x1df (size before relaxing)
 .debug_str     0x000007f2      0x129 OLED.o
                                0x2d4 (size before relaxing)
 .debug_str     0x0000091b      0x291 OLED_menu.o
                                0x5c4 (size before relaxing)
 .debug_str     0x00000bac       0x52 pos_read.o
                                0x2c4 (size before relaxing)
 .debug_str     0x00000bfe       0x83 main.o
                                0x2a9 (size before relaxing)
 .debug_str     0x00000c81       0x12 spi_driver.o
                                0x1ab (size before relaxing)
 .debug_str     0x00000c93       0x6a SRAM_driver.o
                                0x1fb (size before relaxing)
 .debug_str     0x00000cfd       0x37 UART_driver.o
                                0x1b4 (size before relaxing)

.debug_loc      0x00000000     0x2229
 *(.debug_loc)
 .debug_loc     0x00000000      0x210 ADC_driver.o
 .debug_loc     0x00000210      0x594 CAN_communication.o
 .debug_loc     0x000007a4      0x10e CAN_joystick_messages.o
 .debug_loc     0x000008b2      0x335 mcp2515_driver.o
 .debug_loc     0x00000be7      0x1fa music.o
 .debug_loc     0x00000de1      0x6dc OLED.o
 .debug_loc     0x000014bd      0x7a1 OLED_menu.o
 .debug_loc     0x00001c5e      0x317 pos_read.o
 .debug_loc     0x00001f75       0xcb main.o
 .debug_loc     0x00002040      0x1e9 SRAM_driver.o

.debug_macinfo
 *(.debug_macinfo)

.debug_weaknames
 *(.debug_weaknames)

.debug_funcnames
 *(.debug_funcnames)

.debug_typenames
 *(.debug_typenames)

.debug_varnames
 *(.debug_varnames)

.debug_pubtypes
 *(.debug_pubtypes)

.debug_ranges   0x00000000      0x2a0
 *(.debug_ranges)
 .debug_ranges  0x00000000       0x28 ADC_driver.o
 .debug_ranges  0x00000028       0x50 CAN_communication.o
 .debug_ranges  0x00000078       0x10 CAN_joystick_messages.o
 .debug_ranges  0x00000088       0x50 mcp2515_driver.o
 .debug_ranges  0x000000d8       0x18 music.o
 .debug_ranges  0x000000f0       0x70 OLED.o
 .debug_ranges  0x00000160       0x80 OLED_menu.o
 .debug_ranges  0x000001e0       0x28 pos_read.o
 .debug_ranges  0x00000208       0x10 main.o
 .debug_ranges  0x00000218       0x20 spi_driver.o
 .debug_ranges  0x00000238       0x48 SRAM_driver.o
 .debug_ranges  0x00000280       0x20 UART_driver.o

.debug_macro
 *(.debug_macro)
OUTPUT(TestYolo.elf elf32-avr)
LOAD linker stubs
